---
http_interactions:
- request:
    method: get
    uri: http://da-prod-solr.library.cornell.edu/solr/b9/select?rows=10&wt=json
    body:
      encoding: US-ASCII
      string: ''
    headers:
      User-Agent:
      - Faraday v0.12.2
      Accept-Encoding:
      - gzip;q=1.0,deflate;q=0.6,identity;q=0.3
      Accept:
      - "*/*"
  response:
    status:
      code: 200
      message: OK
    headers:
      Date:
      - Fri, 22 Jun 2018 03:19:31 GMT
      Last-Modified:
      - Fri, 22 Jun 2018 03:00:34 GMT
      Etag:
      - '"N2U1NmIwMDAwMDAwMDAwMFNvbHI="'
      Content-Type:
      - application/json; charset=UTF-8
      Via:
      - 1.1 da-prod-solr7.library.cornell.edu
      Vary:
      - Accept-Encoding
      Content-Length:
      - '3203'
      Connection:
      - close
    body:
      encoding: ASCII-8BIT
      string: '{"responseHeader":{"zkConnected":true,"status":0,"QTime":318,"params":{"rows":"10","wt":"json"}},"response":{"numFound":7865273,"start":0,"maxScore":1.50515,"docs":[{"holdings_record_display":["{\"id\":\"10639742\",\"modified_date\":\"20180413120456\",\"copy_number\":null,\"callnos\":[\"MT6.5
        .M964 2019\"],\"notes\":[],\"holdings_desc\":[],\"recent_holdings_desc\":[],\"supplemental_holdings_desc\":[],\"index_holdings_desc\":[],\"locations\":[{\"code\":\"mus\",\"number\":88,\"name\":\"Cox
        Library of Music (Lincoln Hall)\",\"library\":\"Music Library\"}]}"],"online":["At
        the Library"],"item_record_display":["{\"copy_number\":\"1\",\"item_type_name\":\"book\",\"item_id\":\"10483023\",\"year\":\"\",\"item_type_id\":\"3\",\"chron\":\"\",\"caption\":\"\",\"holds_placed\":\"0\",\"temp_location\":\"0\",\"on_reserve\":\"N\",\"item_enum\":\"\",\"item_sequence_number\":\"1\",\"temp_item_type_id\":\"0\",\"mfhd_id\":\"10639742\",\"recalls_placed\":\"0\",\"create_date\":\"2018-04-12
        10:01:01.0\",\"item_barcode\":\"31924125496855\",\"modify_date\":\"\",\"perm_location\":{\"code\":\"mus\",\"number\":88,\"name\":\"Cox
        Library of Music (Lincoln Hall)\",\"library\":\"Music Library\"}}"],"id":"10334386","format":["Book"],"language_display":["English."],"pub_date_display":["2019"],"pub_date_facet":2019,"pub_info_display":["New
        York : Oxford University Press, 2019."],"fulltitle_display":"Music for analysis
        : examples from the common practice period and the twentieth century","title_display":"Music
        for analysis","author_display":"Benjamin, Thomas, author","subtitle_display":"examples
        from the common practice period and the twentieth century","edition_display":["8th
        ed."],"other_id_display":["(OCoLC)1020866644","10334386"],"acquired_dt":"2018-04-13T00:00:00Z","availability_json":"{\"available\":true,\"availAt\":{\"Cox
        Library of Music (Lincoln Hall)\":\"MT6.5 .M964 2019\"}}","score":1.50515},{"holdings_record_display":["{\"id\":\"10049931\",\"modified_date\":\"20161213134354\",\"copy_number\":null,\"callnos\":null,\"notes\":[],\"holdings_desc\":[],\"recent_holdings_desc\":[],\"supplemental_holdings_desc\":[],\"index_holdings_desc\":[],\"locations\":[{\"code\":\"serv,remo\",\"number\":128,\"name\":\"*Networked
        Resource\",\"library\":null}]}"],"id":"9726061","format":["Book"],"online":["Online"],"pub_date_display":["2019"],"pub_date_facet":2019,"pub_info_display":["[S.l.]
        : Sage Publications, Inc, 2019."],"title_display":"SAGE Encyclopedia of Theory","fulltitle_display":"SAGE
        Encyclopedia of Theory","other_id_display":["(WaSeSS)OCM1ssib024484163","9726061","(OCoLC)965982045"],"url_access_json":["{\"providercode\":\"PRVSPB\",\"dbcode\":\"AAIMZ\",\"description\":\"Full
        text available from SAGE Reference 2016 Encyclopedia Collection Connect to
        text.\",\"ssid\":\"ssib024484163\",\"url\":\"http://proxy.library.cornell.edu/login?url=http://sk.sagepub.com/\"}"],"url_access_display":["http://proxy.library.cornell.edu/login?url=http://sk.sagepub.com/|Full
        text available from SAGE Reference 2016 Encyclopedia Collection Connect to
        text."],"acquired_dt":"2016-12-13T00:00:00Z","availability_json":"{\"online\":true}","score":1.50515},{"holdings_record_display":["{\"id\":\"10555062\",\"modified_date\":\"20180531161937\",\"copy_number\":null,\"callnos\":[\"HB172
        .F72 2019\"],\"notes\":[],\"holdings_desc\":[],\"recent_holdings_desc\":[],\"supplemental_holdings_desc\":[],\"index_holdings_desc\":[],\"locations\":[{\"code\":\"fine,res\",\"number\":33,\"name\":\"Fine
        Arts Library Reserve\",\"library\":\"Fine Arts Library\"}]}"],"online":["At
        the Library"],"item_record_display":["{\"copy_number\":\"1\",\"item_type_name\":\"book\",\"item_id\":\"10504536\",\"year\":\"\",\"item_type_id\":\"3\",\"chron\":\"\",\"caption\":\"\",\"holds_placed\":\"0\",\"temp_location\":\"0\",\"on_reserve\":\"N\",\"item_enum\":\"\",\"item_sequence_number\":\"1\",\"temp_item_type_id\":\"0\",\"mfhd_id\":\"10555062\",\"recalls_placed\":\"0\",\"create_date\":\"2018-05-31
        12:44:43.0\",\"item_barcode\":\"31924125066567\",\"modify_date\":\"\",\"perm_location\":{\"code\":\"fine,res\",\"number\":33,\"name\":\"Fine
        Arts Library Reserve\",\"library\":\"Fine Arts Library\"}}"],"id":"10246404","format":["Book"],"language_display":["English."],"pub_date_display":["2019"],"pub_date_facet":2019,"pub_info_display":["New
        York : McGraw-Hill Education, [2019]."],"fulltitle_display":"Principles of
        microeconomics","title_display":"Principles of microeconomics","author_display":"Frank,
        Robert H., author","edition_display":["Seventh edition."],"other_id_display":["(OCoLC)1018065884","10246404"],"acquired_dt":"2018-05-31T00:00:00Z","availability_json":"{\"available\":true,\"availAt\":{\"Fine
        Arts Library Reserve\":\"HB172 .F72 2019\"}}","score":1.50515},{"holdings_record_display":["{\"id\":\"10687314\",\"modified_date\":\"20180605084450\",\"copy_number\":null,\"callnos\":[],\"notes\":[],\"holdings_desc\":[],\"recent_holdings_desc\":[],\"supplemental_holdings_desc\":[],\"index_holdings_desc\":[],\"locations\":[{\"code\":\"vet\",\"number\":133,\"name\":\"Veterinary
        Library (Schurman Hall)\",\"library\":\"Veterinary Library\"}]}"],"online":["At
        the Library"],"id":"10384027","format":["Book"],"language_display":["English."],"pub_date_display":["2019"],"pub_date_facet":2019,"pub_info_display":["Hoboken,
        NJ : Wiley-Blackwell, 2019."],"title_display":"Locking plates and implants
        in veterinary orthopedics","fulltitle_display":"Locking plates and implants
        in veterinary orthopedics","other_id_display":["(OCoLC)1037287549","10384027"],"availability_json":"{\"available\":false,\"unavailAt\":{\"Veterinary
        Library (Schurman Hall)\":\"1 Copy Ordered as of 2018-06-05\"}}","score":1.50515},{"holdings_record_display":["{\"id\":\"10081628\",\"modified_date\":\"20170112145302\",\"copy_number\":null,\"callnos\":null,\"notes\":[],\"holdings_desc\":[],\"recent_holdings_desc\":[],\"supplemental_holdings_desc\":[],\"index_holdings_desc\":[],\"locations\":[{\"code\":\"serv,remo\",\"number\":128,\"name\":\"*Networked
        Resource\",\"library\":null}]}"],"id":"9759048","format":["Book"],"online":["Online"],"pub_date_display":["2019"],"pub_date_facet":2019,"pub_info_display":["[S.l.]
        : Oxford University Press, 2019."],"title_display":"Oxford Handbook of Greek
        and Roman Slaveries","fulltitle_display":"Oxford Handbook of Greek and Roman
        Slaveries","other_id_display":["(WaSeSS)OCM1ssib025848927","9759048","(OCoLC)968421010"],"url_access_json":["{\"providercode\":\"PRVASL\",\"dbcode\":\"3Y6\",\"description\":\"Full
        text available from Oxford Handbooks Online Connect to text.\",\"ssid\":\"ssib025848927\",\"url\":\"http://proxy.library.cornell.edu/login?url=http://www.oxfordhandbooks.com/view/10.1093/oxfordhb/9780199575251.001.0001/oxfordhb-9780199575251\"}"],"url_access_display":["http://proxy.library.cornell.edu/login?url=http://www.oxfordhandbooks.com/view/10.1093/oxfordhb/9780199575251.001.0001/oxfordhb-9780199575251|Full
        text available from Oxford Handbooks Online Connect to text."],"acquired_dt":"2017-01-12T00:00:00Z","availability_json":"{\"online\":true}","score":1.50515},{"holdings_record_display":["{\"id\":\"10667497\",\"modified_date\":\"20180511142449\",\"copy_number\":null,\"callnos\":[\"Available
        for the Library to Purchase\"],\"notes\":[],\"holdings_desc\":[],\"recent_holdings_desc\":[],\"supplemental_holdings_desc\":[],\"index_holdings_desc\":[],\"locations\":[{\"code\":\"cts,rev\",\"number\":120,\"name\":\"Library
        Technical Services Review Shelves\",\"library\":null}]}"],"id":"10363315","format":["Book"],"language_display":["English."],"pub_date_display":["[2018]"],"pub_date_facet":2019,"pub_info_display":["Upper
        Saddle River, New Jersey : Pearson, [2018]"],"fulltitle_display":"Families,
        schools, and communities : building partnerships for educating children","title_display":"Families,
        schools, and communities","author_display":"Scully, Patricia A., 1949- author","subtitle_display":"building
        partnerships for educating children","edition_display":["Seventh edition."],"other_id_display":["(CaONFJC)cou38492321","(DLC)cou38492321","10363315","(OCoLC)1019834772"],"acquired_dt":"2018-05-11T00:00:00Z","availability_json":"{\"available\":true,\"availAt\":{\"Library
        Technical Services Review Shelves\":\"Available for the Library to Purchase\"}}","score":1.50515},{"holdings_record_display":["{\"id\":\"10659102\",\"modified_date\":\"20180425085643\",\"copy_number\":null,\"callnos\":[],\"notes\":[],\"holdings_desc\":[],\"recent_holdings_desc\":[],\"supplemental_holdings_desc\":[],\"index_holdings_desc\":[],\"locations\":[{\"code\":\"olin\",\"number\":99,\"name\":\"Olin
        Library\",\"library\":\"Olin Library\"}]}"],"online":["At the Library"],"id":"10354483","format":["Book"],"language_display":["English."],"pub_date_display":["2019"],"pub_date_facet":2019,"pub_info_display":["New
        York : Routledge, 2019."],"fulltitle_display":"Engaging anthropological theory
        : a social and political history","title_display":"Engaging anthropological
        theory","author_display":"Moberg, Mark, 1959- author","subtitle_display":"a
        social and political history","edition_display":["Second Edition, Fully revised
        Second Edition."],"other_id_display":["(OCoLC)1031039780","10354483"],"availability_json":"{\"available\":false,\"unavailAt\":{\"Olin
        Library\":\"1 Copy Ordered as of 2018-04-25\"}}","score":1.50515},{"holdings_record_display":["{\"id\":\"8952778\",\"modified_date\":\"20140731130217\",\"copy_number\":null,\"callnos\":null,\"notes\":[],\"holdings_desc\":[],\"recent_holdings_desc\":[],\"supplemental_holdings_desc\":[],\"index_holdings_desc\":[],\"locations\":[{\"code\":\"serv,remo\",\"number\":128,\"name\":\"*Networked
        Resource\",\"library\":null}]}"],"id":"8575328","format":["Musical Recording"],"online":["Online"],"language_display":["English."],"pub_date_display":["2019"],"pub_date_facet":2019,"pub_info_display":["Hong
        Kong : Naxos Digital Services US Inc. 2019"],"title_display":"STRAVINKSY,
        I.: Histoire du soldat (Horwitz, Blacher)","fulltitle_display":"STRAVINKSY,
        I.: Histoire du soldat (Horwitz, Blacher)","other_id_display":["(Naxos)PHIL06005","(OCoLC)885034837","8575328"],"url_access_json":["{\"providercode\":\"PRVAQU\",\"dbcode\":\"CZN\",\"description\":\"Available
        at Naxos Music Library Connect to full text. Access limited to authorized
        subscribers.\",\"url\":\"http://proxy.library.cornell.edu/login?url=http://univportal.naxosmusiclibrary.com/catalogue/item.asp?cid=PHIL06005\"}"],"url_access_display":["http://proxy.library.cornell.edu/login?url=http://univportal.naxosmusiclibrary.com/catalogue/item.asp?cid=PHIL06005|Available
        at Naxos Music Library Connect to full text. Access limited to authorized
        subscribers."],"availability_json":"{\"online\":true}","score":1.50515},{"holdings_record_display":["{\"id\":\"10682428\",\"modified_date\":\"20180522144911\",\"copy_number\":null,\"callnos\":[],\"notes\":[],\"holdings_desc\":[],\"recent_holdings_desc\":[],\"supplemental_holdings_desc\":[],\"index_holdings_desc\":[],\"locations\":[{\"code\":\"fine\",\"number\":31,\"name\":\"Fine
        Arts Library (B56 Sibley Hall)\",\"library\":\"Fine Arts Library\"}]}"],"online":["At
        the Library"],"id":"10378707","format":["Book"],"language_display":["English."],"pub_date_display":["2019"],"pub_date_facet":2019,"pub_info_display":["Minneapolis
        : University of Minnesota Press, 2019."],"fulltitle_display":"Graphic assembly
        : montage, media, and experimental architecture in the 1960s''","title_display":"Graphic
        assembly","author_display":"Buckley, Craig, author","subtitle_display":"montage,
        media, and experimental architecture in the 1960s''","other_id_display":["(OCoLC)1035777339","10378707"],"availability_json":"{\"available\":false,\"unavailAt\":{\"Fine
        Arts Library (B56 Sibley Hall)\":\"1 Copy Ordered as of 2018-05-23\"}}","score":1.50515},{"holdings_record_display":["{\"id\":\"10687053\",\"modified_date\":\"20180604092359\",\"copy_number\":null,\"callnos\":[],\"notes\":[],\"holdings_desc\":[],\"recent_holdings_desc\":[],\"supplemental_holdings_desc\":[],\"index_holdings_desc\":[],\"locations\":[{\"code\":\"olin\",\"number\":99,\"name\":\"Olin
        Library\",\"library\":\"Olin Library\"}]}"],"online":["At the Library"],"id":"10383719","format":["Book"],"language_display":["English."],"pub_date_display":["2019"],"pub_date_facet":2019,"pub_info_display":["Aberdeen
        : Vulpine Press, 2019."],"fulltitle_display":"The rare or unread stories of
        Grant Allen (1849-1899)","title_display":"The rare or unread stories of Grant
        Allen (1849-1899)","author_display":"Allen, Grant, 1848-1899, author","other_id_display":["(CaONFJC)66935804","10383719"],"availability_json":"{\"available\":false,\"unavailAt\":{\"Olin
        Library\":\"1 Copy Ordered as of 2018-06-04\"}}","score":1.50515}]},"facet_counts":{"facet_queries":{},"facet_fields":{"format":["Book",6925801,"Journal/Periodical",387994,"Microform",355654,"Musical
        Recording",222989,"Thesis",200812,"Video",100008,"Musical Score",97646,"Map
        or Globe",64722,"Manuscript/Archive",16404,"Non-musical Recording",10217],"online":["At
        the Library",5885548,"Online",2069373],"language_facet":["English",4877484,"German",543067,"French",338362,"Spanish",290106,"Chinese",268154,"Russian",184022,"Italian",151949,"Indonesian",138864,"Japanese",103633,"Vietnamese",76361],"location_facet":["Library
        Annex",2408095,"Olin Library",1692169,"Kroch Library Asia",616560,"Kroch Library
        Rare & Manuscripts",508797,"Music Library",201017,"Law Library",199678,"Mann
        Library",165358,"Uris Library",149485,"ILR Library",110710,"Mathematics Library",52733]},"facet_ranges":{},"facet_intervals":{},"facet_heatmaps":{}},"spellcheck":{"suggestions":[],"correctlySpelled":true}}

'
    http_version: 
  recorded_at: Fri, 22 Jun 2018 03:19:32 GMT
- request:
    method: get
    uri: http://da-prod-solr.library.cornell.edu/solr/b9/databasesBySubject?indent=true&q=%22Anthropology%22&wt=json
    body:
      encoding: UTF-8
      string: ''
    headers:
      User-Agent:
      - HTTPClient/1.0 (2.8.3, ruby 2.3.1 (2016-04-26))
      Accept:
      - "*/*"
      Date:
      - Fri, 22 Jun 2018 03:19:32 GMT
  response:
    status:
      code: 200
      message: OK
    headers:
      Date:
      - Fri, 22 Jun 2018 03:19:32 GMT
      Last-Modified:
      - Fri, 22 Jun 2018 03:00:34 GMT
      Etag:
      - '"N2U1NmIwMDAwMDAwMDAwMFNvbHI="'
      Content-Type:
      - application/json; charset=UTF-8
      Content-Length:
      - '21075'
      Via:
      - 1.1 da-prod-solr7.library.cornell.edu
      Vary:
      - Accept-Encoding
      Connection:
      - close
    body:
      encoding: UTF-8
      string: |
        {
          "responseHeader":{
            "zkConnected":true,
            "status":0,
            "QTime":76,
            "params":{
              "q":"\"Anthropology\"",
              "indent":"true",
              "wt":["json",
                "json"]}},
          "response":{"numFound":18,"start":0,"docs":[
              {
                "id":"5928394",
                "title_display":"Africa-wide",
                "subtitle_display":"NiPAD",
                "fulltitle_display":"Africa-wide : NiPAD",
                "summary_display":["Africa-wide NiPAD is an index covering material on Africa  from the 19th century to the present, including: African studies abstracts  (1994- ), Africa Institute (1981- ), Southern African database (1961- ),  School of Oriental and African Studies Library catalogue: Africa (1989- ),  NAMLIT (19th century- ), Don Africana collection (16th century- ) Campbell  collections of the University of Natal, Killie Campbell Africana Library  (19th century- ), Business & industry: Africa (1994- ), Natural and cultural  history Africa (1960- ), African periodicals exhibit catalogue (1997),  Bibliography on contemporary African politics and development (1981-1992),  International library of African music, Database of Swiss theses and  dissertations (1897-1996) ; Index to South African periodicals  (1987-present), the South African national bibliography (1988-present),  National English Literary Museum (1990-present, retrospective to the 19th  cent.), Knipkat from the Nasionale Afrikaanse Letterkunde Museum en  Navorsingsentrum, Witwatersrand University Management Research Reports  (1970-present), The Centre for Rural Legal Studies Database (1987 and  earlier to present), South African Legal Abbreviations, and others."],
                "url_access_json":["{\"providercode\":\"PRVEBS\",\"dbcode\":\"KSC\",\"description\":\"Connect to full text.\",\"url\":\"http://resolver.library.cornell.edu/misc/5928394\"}"],
                "url_access_display":["http://resolver.library.cornell.edu/misc/5928394|Connect to full text."],
                "sixfivethree":["World Regions and Diasporas",
                  "Middle East and Africa",
                  "Anthropology",
                  "Arts and Humanities",
                  "Social Sciences"]},
              {
                "id":"361525",
                "title_display":"Bibliography of Asian studies",
                "fulltitle_display":"Bibliography of Asian studies",
                "summary_display":["No full text. Chiefly scholarly. Indexes articles and book chapters, including many journals not indexed elsewhere. Covers primarily humanities and social sciences for East, South, and Southeast Asia. Indexes publications from 1977-present. Primarily English language. Also known as BAS."],
                "url_access_display":["http://resolver.library.cornell.edu/misc/abp0999"],
                "url_access_json":["{\"providercode\":\"PRVAYN\",\"dbcode\":\"BALTR\",\"url\":\"http://resolver.library.cornell.edu/misc/abp0999\"}"],
                "sixfivethree":["World Regions and Diasporas",
                  "South and Southeast Asia",
                  "East Asia",
                  "Anthropology",
                  "Arts and Humanities",
                  "History",
                  "Linguistics, Language and Literature",
                  "Social Sciences",
                  "Sociology and Rural Development"]},
              {
                "id":"5510969",
                "title_display":"Bibliography of native North Americans",
                "fulltitle_display":"Bibliography of native North Americans",
                "summary_display":["Selected full text. Primarily scholarly. Chiefly secondary sources. Covers history, life, and culture of native North Americans from the sixteenth century to the present. Also known as BNNA."],
                "url_access_display":["http://resolver.library.cornell.edu/misc/5510969"],
                "url_access_json":["{\"providercode\":\"PRVEBS\",\"dbcode\":\"BBL\",\"url\":\"http://resolver.library.cornell.edu/misc/5510969\"}"],
                "sixfivethree":["Anthropology",
                  "Arts and Humanities",
                  "History",
                  "Linguistics, Language and Literature",
                  "Social Sciences",
                  "Sociology and Rural Development"]},
              {
                "id":"5745591",
                "title_display":"Billie Jean Isbell Andean collection",
                "subtitle_display":"images from the Andes",
                "fulltitle_display":"Billie Jean Isbell Andean collection : images from the Andes",
                "summary_display":["This collection of materials is derived from Professor Billie Jean Isbell's 40 years of research in the Andes, primarily in the southern Andean department of Ayacucho and specifically in the village of Chuschi, Peru, and the surrounding region of the River Pampas Valley. Included in this collection are approximately 1500 photographs, thirteen songs, Professor Isbell's ethnography, To Defend Ourselves: Ecology and Ritual in an Andean Village, as well as selected publications."],
                "url_access_json":["{\"providercode\":\"PRVAGG\",\"description\":\"Digital collection\",\"url\":\"http://resolver.library.cornell.edu/misc/5745591\"}"],
                "url_access_display":["http://resolver.library.cornell.edu/misc/5745591|Digital collection"],
                "sixfivethree":["Anthropology",
                  "General Interest and Reference",
                  "Images",
                  "Social Sciences"]},
              {
                "id":"3511317",
                "title_display":"Chicano database",
                "fulltitle_display":"Chicano database",
                "summary_display":["Selected full text. Chiefly scholarly. Chiefly secondary sources. Covers Mexican-American and Chicano topics from 1967 to present. Since 1992 covers the broader Latino experience, including Puerto Ricans, Cuban Americans, and Central American immigrants."],
                "url_access_display":["http://resolver.library.cornell.edu/misc/3511317"],
                "url_access_json":["{\"providercode\":\"PRVOCL\",\"dbcode\":\"AWZ\",\"url\":\"http://resolver.library.cornell.edu/misc/3511317\"}"],
                "sixfivethree":["World Regions and Diasporas",
                  "Latin America",
                  "Anthropology",
                  "Arts and Humanities",
                  "History",
                  "Social Sciences",
                  "Sociology and Rural Development"]},
              {
                "id":"5616639",
                "title_display":"Digital Himalaya",
                "fulltitle_display":"Digital Himalaya",
                "summary_display":["The Digital Himalaya project was conceived of as a strategy for archiving and making available valuable ethnographic materials such as films in various formats, still photographs, sound recordings, field notes and rare journals from the Himalayan region. Based jointly at the Department of Social Anthropology at Cambridge University and the Anthropology Department at Cornell University, the project began in December 2000."],
                "url_access_display":["http://resolver.library.cornell.edu/misc/5616639"],
                "url_access_json":["{\"providercode\":\"PRVPBV\",\"dbcode\":\"4J8\",\"url\":\"http://resolver.library.cornell.edu/misc/5616639\"}"],
                "sixfivethree":["World Regions and Diasporas",
                  "South and Southeast Asia",
                  "Anthropology",
                  "Arts and Humanities",
                  "Social Sciences"]},
              {
                "id":"3850195",
                "title_display":"eHRAF world cultures",
                "fulltitle_display":"eHRAF world cultures",
                "summary_display":["A systematically organized collection of thousands of books and articles on cultures from all regions of the world; provides information on particular cultures, ethnic groups, or immigrant groups, their beliefs and superstitions, or subjects such as political structure, architecture, kinship units, or settlement patterns.  The information is organized by cultures and ethnic groups and the full-text documents are subject-indexed at the paragraph level."],
                "url_access_display":["http://resolver.library.cornell.edu/misc/3850195"],
                "url_access_json":["{\"providercode\":\"PRVAKW\",\"dbcode\":\"BJI\",\"url\":\"http://resolver.library.cornell.edu/misc/3850195\"}"],
                "sixfivethree":["World Regions and Diasporas",
                  "General Resources",
                  "Anthropology",
                  "Social Sciences"]},
              {
                "id":"4126053",
                "fulltitle_display":"Gnomon online : the Eichstätt information system for classical studies",
                "title_display":"Gnomon online",
                "subtitle_display":"the Eichstätt information system for classical studies",
                "summary_display":["This online index provides access to a selection of the material in the print periodical (Gnomon: kritische Zeitschrift für die gesamte klassische Altertumswissenschaft) and to the CD-ROM (Gnomon Bibliographische Datenbank) which it supplements, particularly for the years since 1998. The online version also indexes the holdings of Eichstätt University Library and recent acquisitions of the Bayerische Staatsbibliothek in classics and classical studies."],
                "url_access_json":["{\"providercode\":\"PRVBQV\",\"dbcode\":\"GQN\",\"description\":\"English version Connect to full text.\",\"url\":\"http://resolver.library.cornell.edu/misc/4126053\"}"],
                "url_access_display":["http://resolver.library.cornell.edu/misc/4126053|English version Connect to full text."],
                "sixfivethree":["Anthropology",
                  "Art and Architecture",
                  "Arts and Humanities",
                  "Social Sciences"]},
              {
                "id":"3982638",
                "title_display":"Hmong Cultural Center",
                "fulltitle_display":"Hmong Cultural Center",
                "summary_display":["The mission of the Hmong Cultural Center is to promote the personal development of children, youth and adults through Hmong cultural education while providing resources that enhance cross-cultural understanding between Hmong and non-Hmong people. The center's website includes information about Hmong heritage and culture, the educational and citizenship programs of the center, and access to the online catalog of the center's Resource Centre, intended to be a comprehensive depository of Hmong-related information for both the Hmong and larger communities."],
                "url_access_display":["http://resolver.library.cornell.edu/misc/3982638"],
                "url_access_json":["{\"url\":\"http://resolver.library.cornell.edu/misc/3982638\"}"],
                "sixfivethree":["Anthropology",
                  "Social Sciences"]},
              {
                "id":"7550733",
                "title_display":"International bibliography of the social sciences",
                "subtitle_display":"IBSS",
                "fulltitle_display":"International bibliography of the social sciences : IBSS",
                "summary_display":["This database includes over two million bibliographic references to journal articles and to books, reviews and selected chapters dating back to 1951. It is unique in its broad coverage of international material and incorporates over 100 languages and countries. Over 2,800 journals are regularly indexed and some 7,000 books are included each year."],
                "url_access_json":["{\"providercode\":\"PRVPQU\",\"dbcode\":\"8BJ \",\"description\":\"Connect to full text.\",\"url\":\"http://resolver.library.cornell.edu/misc/7550733\"}"],
                "url_access_display":["http://resolver.library.cornell.edu/misc/7550733|Connect to full text."],
                "sixfivethree":["Social Sciences",
                  "Sociology and Rural Development",
                  "Anthropology",
                  "Economics"]},
              {
                "id":"2900365",
                "title_display":"JSTOR",
                "fulltitle_display":"JSTOR",
                "summary_display":["Provides page images of back issues of the core scholarly journals in the humanities, social sciences, and basic sciences from the earliest issues to within a few years of current publication. Users may browse by journal title or discipline, or may search the full-text or citations/abstracts. New issues of existing titles and new titles are added approximately on a weekly basis."],
                "url_access_display":["http://resolver.library.cornell.edu/jsto/2900365"],
                "url_access_json":["{\"providercode\":\"PRVJST\",\"url\":\"http://resolver.library.cornell.edu/jsto/2900365\"}"],
                "sixfivethree":["Anthropology",
                  "Art and Architecture",
                  "Arts and Humanities",
                  "Economics",
                  "Education",
                  "General Interest and Reference",
                  "Linguistics, Language and Literature",
                  "Math and Statistics",
                  "Music",
                  "Philosophy and Religion",
                  "Physics and Astronomy",
                  "Science and Technology",
                  "Social Sciences",
                  "Sociology and Rural Development"]},
              {
                "id":"5695501",
                "title_display":"Middle Eastern & Central Asian Studies",
                "fulltitle_display":"Middle Eastern & Central Asian Studies",
                "summary_display":["Selected full text. Chiefly scholarly. Interdisciplinary approach to Middle East, Central Asia and North Africa. Indexes publications 1900 to present."],
                "url_access_display":["http://resolver.library.cornell.edu/misc/5695501"],
                "url_access_json":["{\"providercode\":\"PRVEBS\",\"dbcode\":\"CWM\",\"url\":\"http://resolver.library.cornell.edu/misc/5695501\"}"],
                "sixfivethree":["World Regions and Diasporas",
                  "Middle East and Africa",
                  "Anthropology",
                  "Arts and Humanities",
                  "History",
                  "Social Sciences"]},
              {
                "id":"3936938",
                "title_display":"PASCAL FRANCIS",
                "fulltitle_display":"PASCAL FRANCIS",
                "summary_display":["The site offers  free access to a searchable archive of two databases, FRANCIS (1972-2015) and PASCAL (1984-2015). FRANCIS covers 15 disciplines in human and social sciences with 2.6 million bibliographic references since 1972. PASCAL gathers 20 million bibliographic references in science, technology, and medicine. Emphasis on European academic journals."],
                "url_access_display":["http://resolver.library.cornell.edu/misc/3936938"],
                "url_access_json":["{\"providercode\":\"PRVERU\",\"url\":\"http://resolver.library.cornell.edu/misc/3936938\"}"],
                "sixfivethree":["Arts and Humanities",
                  "Anthropology",
                  "Linguistics, Language and Literature",
                  "Philosophy and Religion",
                  "Psychology",
                  "Science and Technology",
                  "Social Sciences",
                  "Sociology and Rural Development"]},
              {
                "id":"3932995",
                "fulltitle_display":"RAMBI : index of articles on Jewish studies  = Reshimat ma'amarim be-mada'e ha-Yahadut",
                "title_display":"RAMBI",
                "subtitle_display":"index of articles on Jewish studies  = Reshimat ma'amarim be-mada'e ha-Yahadut",
                "summary_display":["Selective bibliography of articles in the various fields of Jewish studies and in the study of Eretz Israel. Material listed in Rambi is compiled from thousands of periodicals and from collections of articles - in Hebrew, Yiddish, and European languages- mainly from the holdings of the Jewish National and University Library, a world center for research on the Jewish people and Eretz Israel. The main criterion for inclusion in the bibliography is that the article be based on scientific research, or contain important information for such research."],
                "url_access_display":["http://resolver.library.cornell.edu/misc/3932995"],
                "url_access_json":["{\"providercode\":\"PRVBIS\",\"dbcode\":\"DLS\",\"url\":\"http://resolver.library.cornell.edu/misc/3932995\"}"],
                "sixfivethree":["Anthropology",
                  "Arts and Humanities",
                  "Government, Law and Public Policy",
                  "Philosophy and Religion (Core)",
                  "Social Sciences",
                  "Sociology and Rural Development"]},
              {
                "id":"3131835",
                "title_display":"Sociological abstracts",
                "fulltitle_display":"Sociological abstracts",
                "summary_display":["Abstracts and indexes the international literature in sociology and related disciplines in the social and behavioral sciences. Provides citations from 1963 to the present, and abstracts since 1974, to journal articles, conference papers, books, and dissertations. Subjects covered include community development, culture and social structure, demography and human biology, environmental interactions, family and social welfare, health and medicine and law, religion and science, social psychology and group interactions, welfare services, and women's studies."],
                "url_access_json":["{\"providercode\":\"PRVPQU\",\"dbcode\":\"BHHNA\",\"description\":\"Connect to full text\",\"url\":\"http://resolver.library.cornell.edu/misc/3131835\"}"],
                "url_access_display":["http://resolver.library.cornell.edu/misc/3131835|Connect to full text"],
                "sixfivethree":["Anthropology",
                  "Government, Law and Public Policy",
                  "Human Resources, Labor & Employment",
                  "Population and Demography",
                  "Social Sciences",
                  "Sociology and Rural Development (Core)"]},
              {
                "id":"3846681",
                "fulltitle_display":"South East Asian images & texts project : SEAiT",
                "title_display":"South East Asian images & texts project",
                "subtitle_display":"SEAiT",
                "summary_display":["A digital archive of historical photography for Southeast Asia, drawing scattered historical photographs of Southeast Asia into a single accessible source and a standard digital format. The archive incorporates elements from a broad spectrum of social sciences, including history, geography, anthropology and political science.  Includes a text-based search engine."],
                "url_access_display":["http://resolver.library.cornell.edu/misc/3846681"],
                "url_access_json":["{\"url\":\"http://resolver.library.cornell.edu/misc/3846681\"}"],
                "sixfivethree":["World Regions and Diasporas",
                  "South and Southeast Asia",
                  "Anthropology",
                  "Arts and Humanities",
                  "Social Sciences"]},
              {
                "id":"5745579",
                "title_display":"Southeast Asia visions",
                "subtitle_display":"a collection of historic travel narratives",
                "fulltitle_display":"Southeast Asia visions : a collection of historic travel narratives",
                "summary_display":["Southeast Asia Visions, a collection of European travel accounts of pre-modern Southeast Asia from Cornell University Library's John M. Echols Collection. The site provides online access to more than 350 books and journal articles written in English and French. The works in the collection were selected for the quality of their first-hand observations and, together, provide a comprehensive representation of Southeast Asia. Along with their narratives, these accounts include some 10,000 images, drawings, photographs, prints and maps, many of them in color. The objectives of this project are both to meet the curricular needs of courses taught at Cornell University and to make these texts and images accessible via the Internet to students and scholars worldwide. It presents scholars an excellent opportunity to look anew at pre-modern Southeast Asia."],
                "url_access_display":["http://resolver.library.cornell.edu/misc/5745579"],
                "url_access_json":["{\"providercode\":\"PRVAGG\",\"dbcode\":\"4E9\",\"url\":\"http://resolver.library.cornell.edu/misc/5745579\"}"],
                "sixfivethree":["World Regions and Diasporas",
                  "South and Southeast Asia",
                  "Anthropology",
                  "Arts and Humanities",
                  "General Interest and Reference",
                  "Social Sciences"]},
              {
                "id":"3072002",
                "title_display":"Web of science",
                "fulltitle_display":"Web of science",
                "summary_display":["Web of Science - All Databases indexes core journal articles, conference proceedings, data sets, and other resources in the sciences, social sciences, arts, and humanities."],
                "url_access_json":["{\"providercode\":\"PRVOCA\",\"dbcode\":\"EGQ\",\"description\":\"Connect to full text.\",\"url\":\"http://resolver.library.cornell.edu/misc/apz6164\"}"],
                "url_access_display":["http://resolver.library.cornell.edu/misc/apz6164|Connect to full text."],
                "sixfivethree":["Agriculture (Core)",
                  "Anthropology",
                  "Art and Architecture",
                  "Arts and Humanities",
                  "Biology (Core)",
                  "Chemistry (Core)",
                  "Communications",
                  "Computers and Information Science",
                  "Economics",
                  "Education",
                  "Engineering (Core)",
                  "Environment and Natural Resources (Core)",
                  "Food and Nutrition",
                  "Geography, Maps and Spatial Data",
                  "Geology",
                  "Government, Law and Public Policy",
                  "History",
                  "Human Resources, Labor & Employment (Core)",
                  "Library and Information Science",
                  "Linguistics, Language and Literature",
                  "Math and Statistics",
                  "Medicine - Human and Veterinary (Core)",
                  "Music",
                  "Philosophy and Religion",
                  "Physics and Astronomy",
                  "Population and Demography",
                  "Psychology",
                  "Science and Technology",
                  "Social Sciences",
                  "Sociology and Rural Development",
                  "Theater, Film and Television"]}]
          }}
    http_version: 
  recorded_at: Fri, 22 Jun 2018 03:19:32 GMT
- request:
    method: get
    uri: http://da-prod-solr.library.cornell.edu/solr/b9/databasesBySubject?indent=true&q=%22Anthropology%20(Core)%22&wt=json
    body:
      encoding: UTF-8
      string: ''
    headers:
      User-Agent:
      - HTTPClient/1.0 (2.8.3, ruby 2.3.1 (2016-04-26))
      Accept:
      - "*/*"
      Date:
      - Fri, 22 Jun 2018 03:19:32 GMT
  response:
    status:
      code: 200
      message: OK
    headers:
      Date:
      - Fri, 22 Jun 2018 03:19:32 GMT
      Last-Modified:
      - Fri, 22 Jun 2018 03:01:50 GMT
      Etag:
      - '"OTg4MjcwMDAwMDAwMDAwMFNvbHI="'
      Content-Type:
      - application/json; charset=UTF-8
      Content-Length:
      - '3816'
      Via:
      - 1.1 da-prod-solr8.library.cornell.edu
      Vary:
      - Accept-Encoding
      Connection:
      - close
    body:
      encoding: UTF-8
      string: |
        {
          "responseHeader":{
            "zkConnected":true,
            "status":0,
            "QTime":51,
            "params":{
              "q":"\"Anthropology (Core)\"",
              "indent":"true",
              "wt":"json"}},
          "response":{"numFound":3,"start":0,"docs":[
              {
                "id":"4481177",
                "title_display":"AnthropologyPlus",
                "fulltitle_display":"AnthropologyPlus",
                "summary_display":["\"As a compilation of the Anthropological Index and Anthropological Literature databases, Anthropology Plus is the world's most comprehensive index of bibliographic materials covering the fields of anthropology, archaeology, and related interdisciplinary research.   This database offers worldwide indexing of all core periodical and lesser-known journals from the early 19th century to today, providing extensive indexing of journal articles, reports, commentaries, edited works and obituaries in the fields of social, cultural, physical, biological and linguistic anthropology, ethnology, archaeology, folklore, material culture, interdisciplinary studies, etc.\"",
                  "\"Subject coverage includes: anthropology, archaeology, art history, demography, economics, ethnology, folklore, human ecology, linguistics, linguistics and literature, material culture, museum studies, primatology, psychology, religious studies, sociological anthropology, and much more.\""],
                "url_access_display":["http://resolver.library.cornell.edu/misc/4481177"],
                "url_access_json":["{\"providercode\":\"PRVEBS\",\"dbcode\":\"UW3\",\"url\":\"http://resolver.library.cornell.edu/misc/4481177\"}"],
                "sixfivethree":["Social Sciences",
                  "Anthropology (Core)"]},
              {
                "id":"5366869",
                "title_display":"AnthroSource",
                "fulltitle_display":"AnthroSource",
                "summary_display":["Current issues of Association journals and bulletins, plus searchable archived issues of all the Association's publications,  <1888-2003>. Covers political, medical, cultural, and legal anthropology; ethnology; education; humanism; archaeology; nutrition; gender issues; and linguistics."],
                "url_access_json":["{\"providercode\":\"PRVACL\",\"dbcode\":\"RCZ\",\"description\":\"Connect to AnthroSource.\",\"url\":\"http://resolver.library.cornell.edu/misc/5366869\"}"],
                "url_access_display":["http://resolver.library.cornell.edu/misc/5366869|Connect to AnthroSource."],
                "providercode":["PRVACL"],
                "dbcode":["RCZ"],
                "sixfivethree":["Social Sciences",
                  "Anthropology (Core)"]},
              {
                "id":"9794017",
                "title_display":"Sociology source ultimate",
                "fulltitle_display":"Sociology source ultimate",
                "summary_display":["Sociology Source Ultimate is an expanded version of SocINDEX, including greater coverage of peer-reviewed journals, international resources and open access titles. Provides citations and direct links to the texts of journal articles, book chapters and conference proceedings, some as far back as 1880. Comprehensive coverage encompassing sub-disciplines and related areas of the social sciences, including labor, crime, demography, economic sociology, immigration, ethnic, racial and gender studies, family, political sociology, religion, development, social psychology, social structure, social work, socio-cultural anthropology, social history, theory, methodology, and more."],
                "url_access_display":["http://resolver.library.cornell.edu/misc/9794017"],
                "url_access_json":["{\"providercode\":\"PRVEBS\",\"dbcode\":\"ADZJE\",\"url\":\"http://resolver.library.cornell.edu/misc/9794017\"}"],
                "sixfivethree":["Social Sciences",
                  "Anthropology (Core)",
                  "Human Resources, Labor & Employment",
                  "Population and Demography",
                  "Sociology and Rural Development (Core)"]}]
          }}
    http_version: 
  recorded_at: Fri, 22 Jun 2018 03:19:32 GMT
- request:
    method: get
    uri: http://da-prod-solr.library.cornell.edu/solr/b9/database?id=5366869&indent=true&wt=json
    body:
      encoding: UTF-8
      string: ''
    headers:
      User-Agent:
      - HTTPClient/1.0 (2.8.3, ruby 2.3.1 (2016-04-26))
      Accept:
      - "*/*"
      Date:
      - Fri, 22 Jun 2018 03:19:32 GMT
  response:
    status:
      code: 200
      message: OK
    headers:
      Date:
      - Fri, 22 Jun 2018 03:19:32 GMT
      Last-Modified:
      - Fri, 22 Jun 2018 03:00:34 GMT
      Etag:
      - '"N2U1NmIwMDAwMDAwMDAwMFNvbHI="'
      Content-Type:
      - application/json; charset=UTF-8
      Content-Length:
      - '1268'
      Via:
      - 1.1 da-prod-solr7.library.cornell.edu
      Vary:
      - Accept-Encoding
      Connection:
      - close
    body:
      encoding: UTF-8
      string: |
        {
          "responseHeader":{
            "zkConnected":true,
            "status":0,
            "QTime":39,
            "params":{
              "indent":"true",
              "id":"5366869",
              "wt":"json"}},
          "response":{"numFound":1,"start":0,"maxScore":13.9637785,"docs":[
              {
                "id":"5366869",
                "title_display":"AnthroSource",
                "fulltitle_display":"AnthroSource",
                "title_other_display":["Navigation bar title: AS anthrosource",
                  "Home page presentation title: Welcome to AnthroSource",
                  "Anthro source"],
                "summary_display":["Current issues of Association journals and bulletins, plus searchable archived issues of all the Association's publications,  <1888-2003>. Covers political, medical, cultural, and legal anthropology; ethnology; education; humanism; archaeology; nutrition; gender issues; and linguistics."],
                "url_access_json":["{\"providercode\":\"PRVACL\",\"dbcode\":\"RCZ\",\"description\":\"Connect to AnthroSource.\",\"url\":\"http://resolver.library.cornell.edu/misc/5366869\"}"],
                "url_access_display":["http://resolver.library.cornell.edu/misc/5366869|Connect to AnthroSource."],
                "providercode":["PRVACL"],
                "dbcode":["RCZ"],
                "sixfivethree":["Social Sciences",
                  "Anthropology (Core)"]}]
          }}
    http_version: 
  recorded_at: Fri, 22 Jun 2018 03:19:32 GMT
- request:
    method: get
    uri: http://da-prod-solr.library.cornell.edu/solr/b9/databases?defType=dismax&indent=true&q=MLA&wt=json
    body:
      encoding: UTF-8
      string: ''
    headers:
      User-Agent:
      - HTTPClient/1.0 (2.8.3, ruby 2.3.1 (2016-04-26))
      Accept:
      - "*/*"
      Date:
      - Fri, 22 Jun 2018 03:19:44 GMT
  response:
    status:
      code: 200
      message: OK
    headers:
      Date:
      - Fri, 22 Jun 2018 03:19:44 GMT
      Last-Modified:
      - Fri, 22 Jun 2018 03:01:50 GMT
      Etag:
      - '"OTg4MjcwMDAwMDAwMDAwMFNvbHI="'
      Content-Type:
      - application/json; charset=UTF-8
      Content-Length:
      - '3085'
      Via:
      - 1.1 da-prod-solr8.library.cornell.edu
      Vary:
      - Accept-Encoding
      Connection:
      - close
    body:
      encoding: UTF-8
      string: |
        {
          "responseHeader":{
            "zkConnected":true,
            "status":0,
            "QTime":318,
            "params":{
              "q":"MLA",
              "defType":"dismax",
              "indent":"true",
              "wt":"json"}},
          "response":{"numFound":3,"start":0,"maxScore":623508.9,"docs":[
              {
                "id":"2477233",
                "title_display":"MLA international bibliography",
                "fulltitle_display":"MLA international bibliography",
                "summary_display":["Provides access to citations of journal articles, books, and dissertations published on modern languages, literatures, folklore, and linguistics. Coverage is international and subjects include literature, language and linguistics, literary theory, dramatic arts, folklore, and film since 1963. Special features include the full text of the original article for some citations and a collection of images consisting of photographs, maps, and flags."],
                "url_access_display":["http://resolver.library.cornell.edu/misc/amk3488"],
                "url_access_json":["{\"providercode\":\"PRVEBS\",\"dbcode\":\"CXG\",\"url\":\"http://resolver.library.cornell.edu/misc/amk3488\"}"],
                "sixfivethree":["Arts and Humanities",
                  "Linguistics, Language and Literature (Core)",
                  "Theater, Film and Television (Core)"]},
              {
                "id":"6961751",
                "title_display":"MLA directory of periodicals",
                "fulltitle_display":"MLA directory of periodicals",
                "summary_display":["Presents detailed information on more than 7,100 periodicals in the areas of literature, language, linguistics, and folklore, with 4,400 currently indexed in the MLA International Bibliography. The entries list editorial addresses, phone numbers, fax numbers, e-mail addresses, frequency of publication, descriptions of the periodicals' scopes, circulation figures, subscription prices and addresses, advertising information, and submission guidelines."],
                "url_access_json":["{\"providercode\":\"PRVEBS\",\"dbcode\":\"CXE\",\"description\":\"Connect to full text.\",\"url\":\"http://resolver.library.cornell.edu/misc/6961751\"}"],
                "url_access_display":["http://resolver.library.cornell.edu/misc/6961751|Connect to full text."],
                "sixfivethree":["General Interest and Reference",
                  "Directories"]},
              {
                "id":"8492010",
                "title_display":"Ebscohost",
                "fulltitle_display":"Ebscohost",
                "summary_display":["A cross-searchable collection of over fifty EBSCO databases covering a wide variety of subjects. The content is nearly all articles, but the EBSCO eBooks Collection is also included in the search."],
                "url_access_json":["{\"providercode\":\"PRVEBS\",\"dbcode\":\"EYD\",\"description\":\"Connect to full text via the EBSCOhost Web search interface.\",\"url\":\"http://resolver.library.cornell.edu/misc/8492010\"}"],
                "url_access_display":["http://resolver.library.cornell.edu/misc/8492010|Connect to full text via the EBSCOhost Web search interface."],
                "sixfivethree":["General Interest and Reference",
                  "Newspapers, Magazines and Current Events"]}]
          }}
    http_version: 
  recorded_at: Fri, 22 Jun 2018 03:19:45 GMT
- request:
    method: get
    uri: http://da-prod-solr.library.cornell.edu/solr/b9/databasesBySubject?indent=true&q=%22Images%22&wt=json
    body:
      encoding: UTF-8
      string: ''
    headers:
      User-Agent:
      - HTTPClient/1.0 (2.8.3, ruby 2.3.1 (2016-04-26))
      Accept:
      - "*/*"
      Date:
      - Fri, 22 Jun 2018 03:19:49 GMT
  response:
    status:
      code: 200
      message: OK
    headers:
      Date:
      - Fri, 22 Jun 2018 03:19:49 GMT
      Last-Modified:
      - Fri, 22 Jun 2018 03:01:50 GMT
      Etag:
      - '"ZDY4MjcwMDAwMDAwMDAwMFNvbHI="'
      Content-Type:
      - application/json; charset=UTF-8
      Via:
      - 1.1 da-prod-solr9.library.cornell.edu
      Vary:
      - Accept-Encoding
      Connection:
      - close
      Transfer-Encoding:
      - chunked
    body:
      encoding: UTF-8
      string: |
        {
          "responseHeader":{
            "zkConnected":true,
            "status":0,
            "QTime":123,
            "params":{
              "q":"\"Images\"",
              "indent":"true",
              "wt":["json",
                "json"]}},
          "response":{"numFound":35,"start":0,"docs":[
              {
                "id":"6041418",
                "title_display":"Ad*Access",
                "fulltitle_display":"Ad*Access",
                "summary_display":["Presents images and database information for over 7,000 advertisements printed in U.S. and Canadian newspapers and magazines between 1911 and 1955. Concentrates on five main subject areas: radio, television, transportation, beauty and hygiene, and World War II, providing a view of a number of major campaigns and companies through images preserved in the J. Walter Thompson Company Competitive Advertisements Collection of the John W. Hartman Center for Sales, Advertising, and Marketing History in Duke University's Rare Book, Manuscript, and Special Collections Library."],
                "url_access_display":["http://resolver.library.cornell.edu/misc/6041418"],
                "url_access_json":["{\"providercode\":\"PRVAGZ\",\"dbcode\":\"4ED\",\"url\":\"http://resolver.library.cornell.edu/misc/6041418\"}"],
                "sixfivethree":["General Interest and Reference",
                  "Images"]},
              {
                "id":"4077228",
                "title_display":"Andrew D. White architectural photographs collection",
                "fulltitle_display":"Andrew D. White architectural photographs collection",
                "summary_display":["The Division of Rare and Manuscript Collections, Cornell University Library is home to this collection of over 13,000 nineteenth- and early twentieth-century photographs of architecture from around the world. It was established in 1871 beginning with several thousand images from Andrew Dickson White's personal architectural library."],
                "url_access_json":["{\"description\":\"Digital collection\",\"url\":\"http://resolver.library.cornell.edu/misc/4077228\"}"],
                "url_access_display":["http://resolver.library.cornell.edu/misc/4077228|Digital collection"],
                "sixfivethree":["Art and Architecture",
                  "Arts and Humanities",
                  "General Interest and Reference",
                  "Images"]},
              {
                "id":"8917262",
                "title_display":"Arkyves",
                "subtitle_display":"reference tool for the history of culture",
                "fulltitle_display":"Arkyves : reference tool for the history of culture",
                "summary_display":["Arkyves is both a unique database of images and texts and a meeting place for everyone who wants to study imagery and publish about it. All visual and textual sources are made accessible with the help of the multilingual vocabulary for cultural content of the Iconclass system. By using this system it has been made possible to find and retrieve images and texts from various sources on a specific topic. By using Arkyves it is currently possible to access more than 500.000 images, texts, etc. from libraries and museums in many countries among them the Rijksmuseum in Amsterdam, the Netherlands Institute for Art History (RKD), the Herzog August Bibliothek in Wolfenbüttel, and the university libraries of Milan, Utrecht and Glasgow."],
                "url_access_json":["{\"providercode\":\"PRVFUA\",\"dbcode\":\"IM1\",\"description\":\"Connect to full text.\",\"url\":\"http://resolver.library.cornell.edu/misc/8917262\"}"],
                "url_access_display":["http://resolver.library.cornell.edu/misc/8917262|Connect to full text."],
                "sixfivethree":["Arts and Humanities",
                  "Art and Architecture",
                  "General Interest and Reference",
                  "Images"]},
              {
                "id":"8872116",
                "title_display":"Art Museum Image Gallery",
                "fulltitle_display":"Art Museum Image Gallery",
                "summary_display":["\"Over 96,000 high-quality images with a full description. Many include curatorial text, provenance data, detail or multiple views for many images, and related multimedia where available. Presents a broad range of time and place -- spans artistic creation from 3000 B.C. to the present, with art from the cultures of Africa, Asia, Europe, and the Americas, including Native American and Meso-American peoples. Coverage of both fine and decorative art: painting, sculpture, drawings, prints, photographs, textiles, costumes, jewelry, ceramics, furniture, glass, books and manuscripts, archaeological finds, and more.\"--Product description."],
                "url_access_json":["{\"providercode\":\"PRVEBS\",\"dbcode\":\"QF1\",\"description\":\"Connect to database.\",\"url\":\"http://resolver.library.cornell.edu/misc/8872116\"}"],
                "url_access_display":["http://resolver.library.cornell.edu/misc/8872116|Connect to database."],
                "sixfivethree":["Arts and Humanities",
                  "Art and Architecture",
                  "General Interest and Reference",
                  "Images"]},
              {
                "id":"5861952",
                "fulltitle_display":"Artefacts Canada. Humanities",
                "title_display":"Artefacts Canada",
                "subtitle_display":"Humanities",
                "summary_display":["Artefacts Canada: Humanities contains almost 4 million object records and 400,000 images from hundreds of museums across the country. Have a look and you will find treasures from disciplines such as archaeology, decorative arts, fine arts, ethnology, and history."],
                "url_access_json":["{\"providercode\":\"PRVDWF\",\"dbcode\":\"4K2\",\"description\":\"Artefacts Canada: Humanities.\",\"url\":\"http://resolver.library.cornell.edu/misc/aqv1252\"}",
                  "{\"description\":\"Canadian Heritage Information Network.\",\"url\":\"https://www.canada.ca/en/heritage-information-network.html\"}"],
                "url_access_display":["http://resolver.library.cornell.edu/misc/aqv1252|Artefacts Canada: Humanities.",
                  "https://www.canada.ca/en/heritage-information-network.html|Canadian Heritage Information Network."],
                "sixfivethree":["Art and Architecture",
                  "Arts and Humanities",
                  "General Interest and Reference",
                  "Images"]},
              {
                "id":"5458505",
                "title_display":"Beautiful birds",
                "subtitle_display":"masterpieces from the Hill Ornithology Collection, Cornell University Library",
                "fulltitle_display":"Beautiful birds : masterpieces from the Hill Ornithology Collection, Cornell University Library",
                "summary_display":["Traces the development of ornithological illustration in the 18th and 19th centuries and highlights the changing techniques from metal and wood engraving to chromolithography during that period. Provides a virtual tour of an online exhibit depicting the history of ornithological illustration, with links to more detailed information, other images, and bird sounds. Exhibit includes illustrations in books from Cornell University Library's Hill Ornithological Collection as well as art works on loan to the university."],
                "url_access_json":["{\"description\":\"Website.\",\"url\":\"http://rmc.library.cornell.edu/ornithology/default.htm\"}",
                  "{\"providercode\":\"PRVAGG\",\"dbcode\":\"4DR\",\"description\":\"Digital portal.\",\"url\":\"http://hdl.handle.net/1813.001/5458505\"}"],
                "url_access_display":["http://rmc.library.cornell.edu/ornithology/default.htm|Website.",
                  "http://hdl.handle.net/1813.001/5458505|Digital portal."],
                "sixfivethree":["General Interest and Reference",
                  "Images"]},
              {
                "id":"7130226",
                "title_display":"Berg fashion library",
                "fulltitle_display":"Berg fashion library",
                "summary_display":["Provides integrated text and image content on world dress and fashion throughout history. Offers fully cross-searchable access to an expanding range of Berg content collections, including the Encyclopedia of world dress and fashion, e-books, e-journals, museum directory, reference works, images, and more. Browsable by time (1600 to date) and by place (click on world map)."],
                "url_access_json":["{\"providercode\":\"PRVJLL\",\"dbcode\":\"8YG\",\"description\":\"Connect to full text\",\"url\":\"http://resolver.library.cornell.edu/misc/7130226\"}"],
                "url_access_display":["http://resolver.library.cornell.edu/misc/7130226|Connect to full text"],
                "sixfivethree":["General Interest and Reference",
                  "Science and Technology",
                  "Textiles and Fashion Design (Core)",
                  "Images"]},
              {
                "id":"5745602",
                "fulltitle_display":"Beyond the Taj : architectural traditions and landscape experience in South Asia",
                "title_display":"Beyond the Taj",
                "subtitle_display":"architectural traditions and landscape experience in South Asia",
                "summary_display":["A collection of materials on South Asian architecture assembled over a 22 year period by Professor Robert D. \"Scotty\" MacDougall (1940-1987), an architect and an anthropologist. The core of this collection consists of approximately 6,682 photographs depicting significant works of architecture through time and across regional traditions throughout continental India."],
                "url_access_display":["http://resolver.library.cornell.edu/misc/5745602"],
                "url_access_json":["{\"providercode\":\"PRVAGG\",\"url\":\"http://resolver.library.cornell.edu/misc/5745602\"}"],
                "sixfivethree":["General Interest and Reference",
                  "Images"]},
              {
                "id":"5745591",
                "title_display":"Billie Jean Isbell Andean collection",
                "subtitle_display":"images from the Andes",
                "fulltitle_display":"Billie Jean Isbell Andean collection : images from the Andes",
                "summary_display":["This collection of materials is derived from Professor Billie Jean Isbell's 40 years of research in the Andes, primarily in the southern Andean department of Ayacucho and specifically in the village of Chuschi, Peru, and the surrounding region of the River Pampas Valley. Included in this collection are approximately 1500 photographs, thirteen songs, Professor Isbell's ethnography, To Defend Ourselves: Ecology and Ritual in an Andean Village, as well as selected publications."],
                "url_access_json":["{\"providercode\":\"PRVAGG\",\"description\":\"Digital collection\",\"url\":\"http://resolver.library.cornell.edu/misc/5745591\"}"],
                "url_access_display":["http://resolver.library.cornell.edu/misc/5745591|Digital collection"],
                "sixfivethree":["Anthropology",
                  "General Interest and Reference",
                  "Images",
                  "Social Sciences"]},
              {
                "id":"5861950",
                "title_display":"Catena",
                "subtitle_display":"the digital archive of historic gardens + landscapes",
                "fulltitle_display":"Catena : the digital archive of historic gardens + landscapes",
                "summary_display":["A searchable collection of historic and contemporary images that include plans, engravings, paintings, and photographs. Sponsored by the Bard Graduate Center through a grant from the National Endowment for the Humanities, Catena, the Digital Archive of Historic Gardens and Landscapes and its companion website, is envisioned as part of a larger, typologically organized archive of digital images with accompanying educational materials."],
                "url_access_display":["http://resolver.library.cornell.edu/misc/5861950"],
                "url_access_json":["{\"providercode\":\"PRVAGG\",\"dbcode\":\"4DS\",\"url\":\"http://resolver.library.cornell.edu/misc/5861950\"}"],
                "sixfivethree":["Art and Architecture",
                  "Arts and Humanities",
                  "General Interest and Reference",
                  "Images"]},
              {
                "id":"5597787",
                "title_display":"Claire Holt papers",
                "fulltitle_display":"Claire Holt papers",
                "summary_display":["The Claire Holt papers, #14-27-2648, comprise approximately 1,780 slides of Indonesia which were created for the Cornell Indonesian Arts Project. Subjects include art, architecture, ceremonies, landscapes, painting, people, sculpture, textiles, and theater. The manuscript collection also contains typescript notes about a trip to Indonesia in 1955-1956. This web site includes a complete image database of the slides as well as information about the featured artists and a brief biography of Claire Holt."],
                "url_access_json":["{\"providercode\":\"PRVAGG\",\"description\":\"Digital collection\",\"url\":\"http://resolver.library.cornell.edu/misc/5597787\"}"],
                "url_access_display":["http://resolver.library.cornell.edu/misc/5597787|Digital collection"],
                "sixfivethree":["General Interest and Reference",
                  "Images"]},
              {
                "id":"6280355",
                "title_display":"Cornell Lab of Ornithology gallery of bird and wildlife art",
                "fulltitle_display":"Cornell Lab of Ornithology gallery of bird and wildlife art",
                "summary_display":["View images online from the Cornell Lab or Ornithology's collection of more than 1,000 works of art.  Includes more than two centuries of work by bird artists, including Alexander Wilson, John James Audubon, and Louis Agassiz Fuertes."],
                "url_access_json":["{\"description\":\"Connect to full text.\",\"url\":\"http://resolver.library.cornell.edu/misc/6280355\"}",
                  "{\"description\":\"View image database.\",\"url\":\"http://resolver.library.cornell.edu/collection/1701\"}",
                  "{\"description\":\"Copyright statement.\",\"url\":\"http://resolver.library.cornell.edu/collection/1702\"}"],
                "url_access_display":["http://resolver.library.cornell.edu/misc/6280355|Connect to full text.",
                  "http://resolver.library.cornell.edu/collection/1701|View image database.",
                  "http://resolver.library.cornell.edu/collection/1702|Copyright statement."],
                "sixfivethree":["General Interest and Reference",
                  "Images"]},
              {
                "id":"5458453",
                "title_display":"Cornell University collection of political Americana",
                "fulltitle_display":"Cornell University collection of political Americana",
                "summary_display":["\"The collection consists of published material, ephemera, and artifacts dating to between 1800 and 1976, including ballots and slates of candidates; promotional broadsides, handbills, and posters; political cartoons (primarily from Harper's Weekly, Frank Leslie's Illustrated Newspaper, and Puck); lithographs and prints (primarily by Kellogg, N. Currier, and Currier & Ives); pamphlets, leaflets, and brochures; songbooks and sheet music; badges, pins, ferrotypes and celluloid buttons; campaign ribbons; parade equipment such as lanterns, torches, banners, and walking sticks; bandanas and other textiles; and souvenirs of all kinds including plates, cups, vases, trays, bottles, sewing boxes, and games.\""],
                "url_access_json":["{\"providercode\":\"PRVAGG\",\"description\":\"Digital collection\",\"url\":\"http://resolver.library.cornell.edu/misc/5458453\"}"],
                "url_access_display":["http://resolver.library.cornell.edu/misc/5458453|Digital collection"],
                "sixfivethree":["Arts and Humanities",
                  "General Interest and Reference",
                  "Government, Law and Public Policy",
                  "Images",
                  "Social Sciences"]},
              {
                "id":"5979342",
                "fulltitle_display":"David Rumsey map collection",
                "title_display":"David Rumsey map collection",
                "summary_display":["The David Rumsey Historical Map Collection has over 13,600 maps online. The collection focuses on rare 18th and 19th century North and South America maps and other cartographic materials. Historic maps of the World, Europe, Asia and Africa are also represented. Collection categories include antique atlas, globe, school geography, maritime chart, state, county, city, pocket, wall, childrens and manuscript maps. The collection can be used to study history, genealogy and family history."],
                "url_access_display":["http://resolver.library.cornell.edu/misc/5979342"],
                "url_access_json":["{\"url\":\"http://resolver.library.cornell.edu/misc/5979342\"}"],
                "sixfivethree":["Arts and Humanities",
                  "General Interest and Reference",
                  "Geography, Maps and Spatial Data",
                  "Images",
                  "Social Sciences"]},
              {
                "id":"5861790",
                "title_display":"The Farber gravestone collection",
                "fulltitle_display":"The Farber gravestone collection",
                "summary_display":["Contains photographs and rubbings of over 13,500 images documenting the sculpture on more than 9,000 gravestones, most of which were made prior to 1800, in the Northeastern part of the United States. The late Daniel Farber of Worcester, Massachusetts, and his wife, Jessie Lie Farber, were responsible for the largest portion of the collection.  The collections of Harriette Merrifield Forbes and Ernest Caulfield are integrated into the Farber Collection. These early stones are both a significant form of artistic creation and precious records of biographical information, such as name, death date of the deceased, stone location, and information concerning the stone material, iconography, the inscription, and (when known) the carver."],
                "url_access_display":["http://resolver.library.cornell.edu/misc/5861790"],
                "url_access_json":["{\"providercode\":\"PRVDNL\",\"url\":\"http://resolver.library.cornell.edu/misc/5861790\"}"],
                "sixfivethree":["Arts and Humanities",
                  "General Interest and Reference",
                  "Images",
                  "Social Sciences"]},
              {
                "id":"5618224",
                "title_display":"Fuertes illustrations collection",
                "fulltitle_display":"Fuertes illustrations collection",
                "summary_display":["A database of 2500 illustrations of Louis Agassiz Fuertes, a native of Ithaca, New York and the nation's most notable ornithological painter since Audubon. Database also includes an exhibit based on the journal he kept during the 1899 Harriman Alaska expedition."],
                "url_access_display":["http://resolver.library.cornell.edu/misc/5618224"],
                "url_access_json":["{\"providercode\":\"PRVAGG\",\"url\":\"http://resolver.library.cornell.edu/misc/5618224\"}"],
                "sixfivethree":["General Interest and Reference",
                  "Images",
                  "Science and Technology"]},
              {
                "id":"3866913",
                "title_display":"Herbert F. Johnson Museum of Art",
                "fulltitle_display":"Herbert F. Johnson Museum of Art",
                "summary_display":["The online file contains digital images of paintings, drawings, architectural drawings, decorative art, photography, and prints held at the Herbert F. Johnson Museum of Art and collected for this site by the Cornell University Digital Image Collections. Offers access to individual images as well as information about artists and their works. The project will continue to collect images of the over 27,000 works housed in the museum, eventually adding representations of sculpture and other holdings."],
                "url_access_display":["http://resolver.library.cornell.edu/misc/3866913"],
                "url_access_json":["{\"providercode\":\"PRVAGG\",\"url\":\"http://resolver.library.cornell.edu/misc/3866913\"}"],
                "sixfivethree":["Art and Architecture",
                  "Arts and Humanities",
                  "General Interest and Reference",
                  "Images"]},
              {
                "id":"4726567",
                "title_display":"Human ecology historical photographs",
                "fulltitle_display":"Human ecology historical photographs",
                "summary_display":["This Web site provides a database of selected images and information from the records of the College of Home Economics. The photographs are organized by general subjects: Resident Teaching; International, National, State, and Local Public Relations; All-College Activities; Administration and Personnel; Departments and Divisions; Buildings and Equipment; History of the College; and Miscellaneous. Within any particular general subject category, there are more specific topics, e.g. \"Resident Teaching\" includes \"Students and Student Life\", \"Homemaking Apartments\", and \"Apartment Babies\". Descriptive information is provided for each image. Additional photographs may be found in this collection and in other holdings of the Division of Rare and Manuscript Collections."],
                "url_access_display":["http://resolver.library.cornell.edu/misc/4726567"],
                "url_access_json":["{\"providercode\":\"PRVAGG\",\"dbcode\":\"4DM\",\"url\":\"http://resolver.library.cornell.edu/misc/4726567\"}"],
                "sixfivethree":["General Interest and Reference",
                  "Images",
                  "Social Sciences"]},
              {
                "id":"5618018",
                "title_display":"Icelandic and Faroese photographs of Frederick W.W. Howell",
                "subtitle_display":"with additional photographs of Iceland by Henry A. Perkins and Magnús Olafsson",
                "fulltitle_display":"Icelandic and Faroese photographs of Frederick W.W. Howell : with additional photographs of Iceland by Henry A. Perkins and Magnús Olafsson",
                "summary_display":["Photographs of Icelandic and Faroese landscapes, farmsteads, towns and people, held in the Fiske Icelandic Collection of Cornell University Library."],
                "url_access_json":["{\"providercode\":\"PRVAGG\",\"description\":\"Digital collection\",\"url\":\"http://resolver.library.cornell.edu/misc/5618018\"}"],
                "url_access_display":["http://resolver.library.cornell.edu/misc/5618018|Digital collection"],
                "sixfivethree":["Arts and Humanities",
                  "General Interest and Reference",
                  "Images",
                  "Social Sciences"]},
              {
                "id":"5862713",
                "title_display":"Images from Cornell's Rare Book and Manuscript Collections",
                "fulltitle_display":"Images from Cornell's Rare Book and Manuscript Collections",
                "summary_display":["This is a growing collection of images from the Division of Rare and Manuscript Collections, Cornell University Library. Images are drawn from a variety of rare book collections, as well as the University Archives and other manuscript collections."],
                "url_access_json":["{\"providercode\":\"PRVAGG\",\"description\":\"Digital collection\",\"url\":\"http://resolver.library.cornell.edu/misc/5862713\"}"],
                "url_access_display":["http://resolver.library.cornell.edu/misc/5862713|Digital collection"],
                "sixfivethree":["Arts and Humanities",
                  "General Interest and Reference",
                  "Images",
                  "Social Sciences"]},
              {
                "id":"9754438",
                "title_display":"Images of the American Civil War",
                "subtitle_display":"photographs, posters, and ephemera",
                "fulltitle_display":"Images of the American Civil War : photographs, posters, and ephemera",
                "summary_display":["\"Images of the American Civil War: Photographs, Posters, and Ephemera presents the dramatic imagery of nineteenth-century Americana as experienced from the social, military, and political perspectives. At completion, the collection will present 75,000 images drawn from archives around the country, documenting the camp and battle experiences of Union and Confederate soldiers of all ranks, time spent in hospitals and in prisons, civilian life in cities and towns close to and far from the front lines of war, and the demeanor of the politicians whose decisions could bring the nation together or tear it apart. Many of the images in the collection were captured by famous and lesser-known innovators working with the burgeoning medium of nineteenth-century photography. Additionally, graphical content such as envelopes, song sheets, recruiting posters, imprints, and cartoons give users the ability to research how wartime America illustrated their times visually.\"--About the database."],
                "url_access_json":["{\"providercode\":\"PRVAAS\",\"dbcode\":\"NKO\",\"description\":\"Connect to full text.\",\"url\":\"http://resolver.library.cornell.edu/misc/9754438\"}"],
                "url_access_display":["http://resolver.library.cornell.edu/misc/9754438|Connect to full text."],
                "providercode":["PRVAAS"],
                "dbcode":["NKO"],
                "sixfivethree":["General Interest and Reference",
                  "Images",
                  "Arts and Humanities",
                  "History: Primary sources"]},
              {
                "id":"5861281",
                "fulltitle_display":"Japanese historical maps",
                "title_display":"Japanese historical maps",
                "summary_display":["The Japanese Historical Map Collection contains about 2,300 early maps of Japan and the World. The collection was acquired by the University of California from the Mitsui family in 1949, and is housed on the Berkeley campus in the East Asian Library. Represented in this online collection are about 1100 maps and books from this Collection. The maps were selected by Yuki Ishimatsu, Head of Japanese Collections at the East Asian Library, and scanned and put online by David Rumsey and Cartography Associates. The project was initiated by Peter Zhou, Director of the East Asian Library. Funding and project management is provided by Cartography Associates and the East Asian Library."],
                "url_access_display":["http://resolver.library.cornell.edu/misc/5861281"],
                "url_access_json":["{\"providercode\":\"PRVDNL\",\"url\":\"http://resolver.library.cornell.edu/misc/5861281\"}"],
                "sixfivethree":["Arts and Humanities",
                  "General Interest and Reference",
                  "Images",
                  "Social Sciences"]},
              {
                "id":"5861118",
                "title_display":"Kheel Center labor photos",
                "fulltitle_display":"Kheel Center labor photos",
                "summary_display":["Photograph collections in the Kheel Center for Labor-Management Documentation and Archives include approximately 350,000 images on film, paper, glass, and other media. The collected materials, which are largely from the 20th century, were gathered by labor unions, management organizations, arbitrators, and theorists, and provide evidence of labor relations which may be difficult to glean from other sources."],
                "url_access_display":["http://resolver.library.cornell.edu/misc/5861118"],
                "url_access_json":["{\"providercode\":\"PRVAGG\",\"dbcode\":\"4DP\",\"url\":\"http://resolver.library.cornell.edu/misc/5861118\"}"],
                "sixfivethree":["Arts and Humanities",
                  "General Interest and Reference",
                  "Images",
                  "Social Sciences"]},
              {
                "id":"5146902",
                "title_display":"Kinematic models for design digital library",
                "subtitle_display":"an open access, multimedia resource for learning & teaching about kinematics and the history & theory of machines : geometry of pure motion",
                "fulltitle_display":"Kinematic models for design digital library : an open access, multimedia resource for learning & teaching about kinematics and the history & theory of machines : geometry of pure motion",
                "summary_display":["The Kinematic Models for Design Digital Library (KMODDL) is an open access, multimedia resource for learning and teaching about kinematics ¡ the geometry of pure motion ¡ and the history and theory of machines. KMODDL is a pedagogical space designed for use by teachers and researchers, as well as students at a range of educational levels, and other learners, young and adult. The core of KMODDL is the Reuleaux Collection of Kinematic Mechanisms at Cornell University, which comprises more than 200 models developed by Franz Reuleaux (1829-1905), the founder of kinematics, for teaching and researching the principles of mechanical motion. KMODDL provides online access to the Reuleaux Collection via still and interactive moving images and descriptions of the models, as well as computer simulations, tutorials, and related full-text documents."],
                "url_access_json":["{\"providercode\":\"PRVAGG\",\"dbcode\":\"4DQ\",\"description\":\"Connect to Kinematic models for design digital library.\",\"url\":\"http://resolver.library.cornell.edu/misc/5146902\"}",
                  "{\"description\":\"Images available via SharedShelf.\",\"url\":\"http://resolver.library.cornell.edu/collection/KMODDL\"}"],
                "url_access_display":["http://resolver.library.cornell.edu/misc/5146902|Connect to Kinematic models for design digital library.",
                  "http://resolver.library.cornell.edu/collection/KMODDL|Images available via SharedShelf."],
                "sixfivethree":["General Interest and Reference",
                  "Images",
                  "Physics and Astronomy",
                  "Science and Technology"]},
              {
                "id":"6093806",
                "title_display":"Knight visual resources collection",
                "fulltitle_display":"Knight visual resources collection",
                "summary_display":["The Knight Visual Resources Collection contains digital images that support instruction at Cornell University. It includes a broad range of images of art including art history, architecture, landscape architecture, planning, material culture, maps, and other documentary material."],
                "url_access_json":["{\"providercode\":\"PRVAGG\",\"description\":\"View image database.\",\"url\":\"http://resolver.library.cornell.edu/collection/1901\"}"],
                "url_access_display":["http://resolver.library.cornell.edu/collection/1901|View image database."],
                "sixfivethree":["Art and Architecture",
                  "Arts and Humanities",
                  "General Interest and Reference",
                  "Images"]},
              {
                "id":"3948574",
                "title_display":"Library and archival exhibitions on the Web",
                "fulltitle_display":"Library and archival exhibitions on the Web",
                "summary_display":["Site featuring links to online exhibitions created by libraries, archives, and historical societies, as well as to museum online exhibitions with a significant focus on library and archival materials (such as printed books, book illustrations, manuscripts, photographs, printed ephemera, posters, archival audio and video recordings, artists' books, and the book arts). Includes a separate introduction. The list of exhibitions is arranged alphabetically by title and shows the names of the sponsoring institutions."],
                "url_access_display":["http://resolver.library.cornell.edu/misc/3948574"],
                "url_access_json":["{\"providercode\":\"PRVBDO\",\"dbcode\":\"BUP\",\"url\":\"http://resolver.library.cornell.edu/misc/3948574\"}"],
                "sixfivethree":["Images",
                  "Library and Information Science",
                  "Science and Technology",
                  "Social Sciences"]},
              {
                "id":"6280378",
                "title_display":"Macaulay Library sound & video catalog",
                "fulltitle_display":"Macaulay Library sound & video catalog",
                "summary_display":["Sound and video catalog of the world's largest archive of animal sounds and associated video."],
                "url_access_json":["{\"providercode\":\"PRVCLO\",\"description\":\"Connect to full text\",\"url\":\"http://resolver.library.cornell.edu/misc/6280378\"}"],
                "url_access_display":["http://resolver.library.cornell.edu/misc/6280378|Connect to full text"],
                "sixfivethree":["Biology",
                  "General Interest and Reference",
                  "Images",
                  "Science and Technology"]},
              {
                "id":"5696261",
                "title_display":"Mysteries at Eleusis",
                "subtitle_display":"images of inscriptions",
                "fulltitle_display":"Mysteries at Eleusis : images of inscriptions",
                "summary_display":["\"Mysteries at Eleusis: Images of Inscriptions\", a digital collection of approximately 800 images from the sanctuary of the Eleusinian Mysteries, at Eleusis, a town belonging to Athens. \"The Mysteries\", as they were officially called, are usually recognized today, as they were in ancient times, as one of the most important religious cults in ancient Greece. The images currently available are derived from photographs by Professor Kevin Clinton (Department of Classics). The digital collection is one of the largest contributions to a worldwide effort to make available on the Internet both texts and images of all ancient Greek and Latin documents on stone."],
                "url_access_display":["http://resolver.library.cornell.edu/misc/5696261"],
                "url_access_json":["{\"providercode\":\"PRVAGG\",\"url\":\"http://resolver.library.cornell.edu/misc/5696261\"}"],
                "sixfivethree":["General Interest and Reference",
                  "Images"]},
              {
                "id":"5930340",
                "title_display":"NYPL digital",
                "fulltitle_display":"NYPL digital",
                "summary_display":["NYPL Digital is your gateway to The New York Public Library's rare and unique international holdings in digitized form, including: Historic maps, rare prints and photographs, iIlluminated manuscripts, unusual printed ephemera, sound files and moving images, original art and more."],
                "url_access_display":["http://resolver.library.cornell.edu/misc/5930340"],
                "url_access_json":["{\"providercode\":\"PRVARB\",\"dbcode\":\"DAL\",\"url\":\"http://resolver.library.cornell.edu/misc/5930340\"}"],
                "sixfivethree":["Arts and Humanities",
                  "General Interest and Reference",
                  "Images",
                  "Social Sciences"]},
              {
                "id":"6371992",
                "title_display":"Oxford art online",
                "fulltitle_display":"Oxford art online",
                "summary_display":["Oxford Art Online enables access and cross-search functionality to Grove and Oxford reference content in one location. Provides access to Grove Art Online, Benezit Dictionary of Artists, The Encyclopedia of Aesthetics, The Oxford Companion to Western Art, and The Concise Oxford Dictionary of Art Terms. Includes image partnerships with ARTstor, the British Museum, the Museum of Modern Art, the Metropolitan Museum of Art, Art Images for College Teaching, Art Resource, Artists Rights Society and numerous international art galleries and artists."],
                "url_access_json":["{\"providercode\":\"PRVASL\",\"dbcode\":\"BWG\",\"description\":\"Connect to full text.\",\"url\":\"http://resolver.library.cornell.edu/misc/3835895\"}"],
                "url_access_display":["http://resolver.library.cornell.edu/misc/3835895|Connect to full text."],
                "sixfivethree":["Art and Architecture (Core)",
                  "Arts and Humanities",
                  "Dictionaries and Encyclopedias",
                  "General Interest and Reference",
                  "Images"]},
              {
                "id":"7761936",
                "title_display":"Rose Goldsen archive of new media art",
                "fulltitle_display":"Rose Goldsen archive of new media art",
                "summary_display":["Under the sponsorship of The Division of Rare and Manuscript Collections, the Rose Goldsen Archive of New Media Art serves as a research repository of new media art and resources. The curatorial vision emphasizes digital interfaces and artistic experimentation by international, independent artists. Designed as an experimental center of research and creativity, the Goldsen Archive includes materials by individual artists and collaborates on conceptual experimentation and archival strategies with international curatorial and fellowship projects. Named after the pioneering critic of the commercialization of mass media, the late Professor Rose Goldsen of Cornell University, the Archive was founded in 2002 by Timothy Murray to house international art work produced on CD-Rom, DVD-Rom, video, digital interfaces, and the internet. Its collection of supporting materials includes unpublished manuscripts and designs, catalogues, monographs, and resource guides to new media art."],
                "url_access_json":["{\"description\":\"Rose Goldsen Archive of New Media Art\",\"url\":\"http://goldsen.library.cornell.edu/index.php\"}"],
                "url_access_display":["http://goldsen.library.cornell.edu/index.php|Rose Goldsen Archive of New Media Art"],
                "sixfivethree":["General Interest and Reference",
                  "Images"]},
              {
                "id":"5858171",
                "title_display":"Scholars resource",
                "fulltitle_display":"Scholars resource",
                "summary_display":["Scholars Resource is an extensive resource of high quality images that provides comprehensive coverage of works of art essential for teaching. Offers complementary image collections from Saskia Ltd., Davis Art Images, Hartill Art Associates, Archivision and The Bridgeman Art Library with additional collections continually being added. Scholars Resource uniquely provides the convenience of licensing high quality images and metadata in consistent formats from multiple vendors at one online source."],
                "url_access_json":["{\"providercode\":\"PRVAGG\",\"description\":\"Connect to image database.\",\"url\":\"http://resolver.library.cornell.edu/misc/5858171\"}"],
                "url_access_display":["http://resolver.library.cornell.edu/misc/5858171|Connect to image database."],
                "sixfivethree":["Art and Architecture",
                  "Arts and Humanities",
                  "General Interest and Reference",
                  "Images",
                  "Social Sciences"]},
              {
                "id":"3348549",
                "title_display":"The Triangle factory fire",
                "fulltitle_display":"The Triangle factory fire",
                "summary_display":["Online exhibit commemorating the devastating fire at the Triangle Shirtwaist Company's Greenwich Village factory in 1911.  Includes documents, photographs, audio clips, and other selections of primary resources on the Triangle Fire held by the Kheel Center for Labor-Management Documentation, Cornell University. Also includes selected information on sweatshop conditions and investigations and reforms following the fire."],
                "url_access_display":["http://www.ilr.cornell.edu/trianglefire"],
                "url_access_json":["{\"providercode\":\"PRVAGG\",\"dbcode\":\"4EA\",\"url\":\"http://www.ilr.cornell.edu/trianglefire\"}"],
                "sixfivethree":["Arts and Humanities",
                  "History: Primary Sources",
                  "Human Resources, Labor & Employment",
                  "Images",
                  "Social Sciences"]},
              {
                "id":"7633369",
                "title_display":"The Vogue archive",
                "fulltitle_display":"The Vogue archive",
                "summary_display":["\"A complete searchable archive of American Vogue, from the first issue in 1892 to the current month. Every article, cover, photo shoot, illustration and advertisement has been digitized to the highest standard, with rich indexing enabling you to find images by designer and brand names\"--Web site."],
                "url_access_json":["{\"providercode\":\"PRVPQU\",\"dbcode\":\"LK7\",\"description\":\"Full text available from Vogue Archive: 1892 to present Connect to full text.\",\"url\":\"http://resolver.library.cornell.edu/misc/7633369\"}"],
                "url_access_display":["http://resolver.library.cornell.edu/misc/7633369|Full text available from Vogue Archive: 1892 to present Connect to full text."],
                "sixfivethree":["General Interest and Reference",
                  "Images",
                  "Science and Technology",
                  "Textiles and Fashion Design"]},
              {
                "id":"5861081",
                "title_display":"Willard Dickerman Straight and early U.S.-Korea diplomatic relations",
                "fulltitle_display":"Willard Dickerman Straight and early U.S.-Korea diplomatic relations",
                "summary_display":["Willard Straight worked in Korea as a Reuters correspondent during the Russo-Japanese War and as a U.S. diplomat. He sketched Japanese and Russian soldiers and Korean people, and took numerous photographs of landscapes, urban scenes, cultural phenomena, historic events and people (both common and noble). Approximately 177 of his drawings, photographs and postcards comprise a remarkable collection that offers a rare example of western perspectives on Korea during the early 20th century."],
                "url_access_json":["{\"providercode\":\"PRVAGG\",\"description\":\"Digital collection\",\"url\":\"http://resolver.library.cornell.edu/misc/5861081\"}"],
                "url_access_display":["http://resolver.library.cornell.edu/misc/5861081|Digital collection"],
                "sixfivethree":["Arts and Humanities",
                  "General Interest and Reference",
                  "Images",
                  "Social Sciences"]}]
          }}
    http_version: 
  recorded_at: Fri, 22 Jun 2018 03:19:49 GMT
- request:
    method: get
    uri: http://da-prod-solr.library.cornell.edu/solr/b9/databasesBySubject?indent=true&q=%22Images%20(Core)%22&wt=json
    body:
      encoding: UTF-8
      string: ''
    headers:
      User-Agent:
      - HTTPClient/1.0 (2.8.3, ruby 2.3.1 (2016-04-26))
      Accept:
      - "*/*"
      Date:
      - Fri, 22 Jun 2018 03:19:49 GMT
  response:
    status:
      code: 200
      message: OK
    headers:
      Date:
      - Fri, 22 Jun 2018 03:19:49 GMT
      Last-Modified:
      - Fri, 22 Jun 2018 03:00:34 GMT
      Etag:
      - '"N2U1NmIwMDAwMDAwMDAwMFNvbHI="'
      Content-Type:
      - application/json; charset=UTF-8
      Content-Length:
      - '2676'
      Via:
      - 1.1 da-prod-solr7.library.cornell.edu
      Vary:
      - Accept-Encoding
      Connection:
      - close
    body:
      encoding: UTF-8
      string: |
        {
          "responseHeader":{
            "zkConnected":true,
            "status":0,
            "QTime":14,
            "params":{
              "q":"\"Images (Core)\"",
              "indent":"true",
              "wt":"json"}},
          "response":{"numFound":3,"start":0,"docs":[
              {
                "id":"5346517",
                "title_display":"ARTstor",
                "fulltitle_display":"ARTstor",
                "summary_display":["Searchable database of digital images and associated catalog data. Covers the fields of architecture, painting, sculpture, photography, decorative arts, and design, as well as many other forms of visual culture."],
                "url_access_display":["http://resolver.library.cornell.edu/misc/5346517"],
                "url_access_json":["{\"providercode\":\"PRVACT\",\"dbcode\":\"AKX\",\"url\":\"http://resolver.library.cornell.edu/misc/5346517\"}"],
                "sixfivethree":["Art and Architecture (Core)",
                  "Arts and Humanities",
                  "General Interest and Reference",
                  "Images (Core)"]},
              {
                "id":"3823610",
                "title_display":"Associated Press images collection",
                "fulltitle_display":"Associated Press images collection",
                "summary_display":["An electronic library containing the AP's current photos from their 50 million image print and negative library, as well as charts, graphs, tables, and maps from the AP's graphics portfolio."],
                "url_access_display":["http://resolver.library.cornell.edu/misc/3823610"],
                "url_access_json":["{\"providercode\":\"PRVEBS\",\"dbcode\":\"1-I\",\"url\":\"http://resolver.library.cornell.edu/misc/3823610\"}"],
                "sixfivethree":["Arts and Humanities",
                  "General Interest and Reference",
                  "Images (Core)",
                  "Newspapers, Magazines and Current Events",
                  "Social Sciences"]},
              {
                "id":"8018864",
                "title_display":"Bridgeman education",
                "fulltitle_display":"Bridgeman education",
                "summary_display":["\"With over 380,000 images from museums, galleries, private collections and contemporary artists all copyright cleared for educational use. Bridgeman Education gives you access to the visual culture of every civilization and every period from Prehistory to the present day across continents and civilisations.\""],
                "url_access_json":["{\"providercode\":\"PRVGBR\",\"dbcode\":\"O4U\",\"description\":\"Connect to full text\",\"url\":\"http://resolver.library.cornell.edu/misc/8018864\"}"],
                "url_access_display":["http://resolver.library.cornell.edu/misc/8018864|Connect to full text"],
                "sixfivethree":["General Interest and Reference",
                  "Arts and Humanities",
                  "Images (Core)",
                  "Art and Architecture"]}]
          }}
    http_version: 
  recorded_at: Fri, 22 Jun 2018 03:19:49 GMT
- request:
    method: get
    uri: http://da-prod-solr7.library.cornell.edu/solr/b9/select?rows=10&wt=json
    body:
      encoding: US-ASCII
      string: ''
    headers:
      User-Agent:
      - Faraday v0.12.2
      Accept-Encoding:
      - gzip;q=1.0,deflate;q=0.6,identity;q=0.3
      Accept:
      - "*/*"
  response:
    status:
      code: 200
      message: OK
    headers:
      Date:
      - Fri, 22 Jun 2018 06:23:20 GMT
      Last-Modified:
      - Fri, 22 Jun 2018 03:00:34 GMT
      Etag:
      - '"N2U1NmIwMDAwMDAwMDAwMFNvbHI="'
      Content-Type:
      - application/json; charset=UTF-8
      Via:
      - 1.1 da-prod-solr7.library.cornell.edu
      Vary:
      - Accept-Encoding
      Content-Length:
      - '3203'
      Connection:
      - close
    body:
      encoding: ASCII-8BIT
      string: '{"responseHeader":{"zkConnected":true,"status":0,"QTime":313,"params":{"rows":"10","wt":"json"}},"response":{"numFound":7865273,"start":0,"maxScore":1.50515,"docs":[{"holdings_record_display":["{\"id\":\"10639742\",\"modified_date\":\"20180413120456\",\"copy_number\":null,\"callnos\":[\"MT6.5
        .M964 2019\"],\"notes\":[],\"holdings_desc\":[],\"recent_holdings_desc\":[],\"supplemental_holdings_desc\":[],\"index_holdings_desc\":[],\"locations\":[{\"code\":\"mus\",\"number\":88,\"name\":\"Cox
        Library of Music (Lincoln Hall)\",\"library\":\"Music Library\"}]}"],"online":["At
        the Library"],"item_record_display":["{\"copy_number\":\"1\",\"item_type_name\":\"book\",\"item_id\":\"10483023\",\"year\":\"\",\"item_type_id\":\"3\",\"chron\":\"\",\"caption\":\"\",\"holds_placed\":\"0\",\"temp_location\":\"0\",\"on_reserve\":\"N\",\"item_enum\":\"\",\"item_sequence_number\":\"1\",\"temp_item_type_id\":\"0\",\"mfhd_id\":\"10639742\",\"recalls_placed\":\"0\",\"create_date\":\"2018-04-12
        10:01:01.0\",\"item_barcode\":\"31924125496855\",\"modify_date\":\"\",\"perm_location\":{\"code\":\"mus\",\"number\":88,\"name\":\"Cox
        Library of Music (Lincoln Hall)\",\"library\":\"Music Library\"}}"],"id":"10334386","format":["Book"],"language_display":["English."],"pub_date_display":["2019"],"pub_date_facet":2019,"pub_info_display":["New
        York : Oxford University Press, 2019."],"fulltitle_display":"Music for analysis
        : examples from the common practice period and the twentieth century","title_display":"Music
        for analysis","author_display":"Benjamin, Thomas, author","subtitle_display":"examples
        from the common practice period and the twentieth century","edition_display":["8th
        ed."],"other_id_display":["(OCoLC)1020866644","10334386"],"acquired_dt":"2018-04-13T00:00:00Z","availability_json":"{\"available\":true,\"availAt\":{\"Cox
        Library of Music (Lincoln Hall)\":\"MT6.5 .M964 2019\"}}","score":1.50515},{"holdings_record_display":["{\"id\":\"10049931\",\"modified_date\":\"20161213134354\",\"copy_number\":null,\"callnos\":null,\"notes\":[],\"holdings_desc\":[],\"recent_holdings_desc\":[],\"supplemental_holdings_desc\":[],\"index_holdings_desc\":[],\"locations\":[{\"code\":\"serv,remo\",\"number\":128,\"name\":\"*Networked
        Resource\",\"library\":null}]}"],"id":"9726061","format":["Book"],"online":["Online"],"pub_date_display":["2019"],"pub_date_facet":2019,"pub_info_display":["[S.l.]
        : Sage Publications, Inc, 2019."],"title_display":"SAGE Encyclopedia of Theory","fulltitle_display":"SAGE
        Encyclopedia of Theory","other_id_display":["(WaSeSS)OCM1ssib024484163","9726061","(OCoLC)965982045"],"url_access_json":["{\"providercode\":\"PRVSPB\",\"dbcode\":\"AAIMZ\",\"description\":\"Full
        text available from SAGE Reference 2016 Encyclopedia Collection Connect to
        text.\",\"ssid\":\"ssib024484163\",\"url\":\"http://proxy.library.cornell.edu/login?url=http://sk.sagepub.com/\"}"],"url_access_display":["http://proxy.library.cornell.edu/login?url=http://sk.sagepub.com/|Full
        text available from SAGE Reference 2016 Encyclopedia Collection Connect to
        text."],"acquired_dt":"2016-12-13T00:00:00Z","availability_json":"{\"online\":true}","score":1.50515},{"holdings_record_display":["{\"id\":\"10555062\",\"modified_date\":\"20180531161937\",\"copy_number\":null,\"callnos\":[\"HB172
        .F72 2019\"],\"notes\":[],\"holdings_desc\":[],\"recent_holdings_desc\":[],\"supplemental_holdings_desc\":[],\"index_holdings_desc\":[],\"locations\":[{\"code\":\"fine,res\",\"number\":33,\"name\":\"Fine
        Arts Library Reserve\",\"library\":\"Fine Arts Library\"}]}"],"online":["At
        the Library"],"item_record_display":["{\"copy_number\":\"1\",\"item_type_name\":\"book\",\"item_id\":\"10504536\",\"year\":\"\",\"item_type_id\":\"3\",\"chron\":\"\",\"caption\":\"\",\"holds_placed\":\"0\",\"temp_location\":\"0\",\"on_reserve\":\"N\",\"item_enum\":\"\",\"item_sequence_number\":\"1\",\"temp_item_type_id\":\"0\",\"mfhd_id\":\"10555062\",\"recalls_placed\":\"0\",\"create_date\":\"2018-05-31
        12:44:43.0\",\"item_barcode\":\"31924125066567\",\"modify_date\":\"\",\"perm_location\":{\"code\":\"fine,res\",\"number\":33,\"name\":\"Fine
        Arts Library Reserve\",\"library\":\"Fine Arts Library\"}}"],"id":"10246404","format":["Book"],"language_display":["English."],"pub_date_display":["2019"],"pub_date_facet":2019,"pub_info_display":["New
        York : McGraw-Hill Education, [2019]."],"fulltitle_display":"Principles of
        microeconomics","title_display":"Principles of microeconomics","author_display":"Frank,
        Robert H., author","edition_display":["Seventh edition."],"other_id_display":["(OCoLC)1018065884","10246404"],"acquired_dt":"2018-05-31T00:00:00Z","availability_json":"{\"available\":true,\"availAt\":{\"Fine
        Arts Library Reserve\":\"HB172 .F72 2019\"}}","score":1.50515},{"holdings_record_display":["{\"id\":\"10687314\",\"modified_date\":\"20180605084450\",\"copy_number\":null,\"callnos\":[],\"notes\":[],\"holdings_desc\":[],\"recent_holdings_desc\":[],\"supplemental_holdings_desc\":[],\"index_holdings_desc\":[],\"locations\":[{\"code\":\"vet\",\"number\":133,\"name\":\"Veterinary
        Library (Schurman Hall)\",\"library\":\"Veterinary Library\"}]}"],"online":["At
        the Library"],"id":"10384027","format":["Book"],"language_display":["English."],"pub_date_display":["2019"],"pub_date_facet":2019,"pub_info_display":["Hoboken,
        NJ : Wiley-Blackwell, 2019."],"title_display":"Locking plates and implants
        in veterinary orthopedics","fulltitle_display":"Locking plates and implants
        in veterinary orthopedics","other_id_display":["(OCoLC)1037287549","10384027"],"availability_json":"{\"available\":false,\"unavailAt\":{\"Veterinary
        Library (Schurman Hall)\":\"1 Copy Ordered as of 2018-06-05\"}}","score":1.50515},{"holdings_record_display":["{\"id\":\"10081628\",\"modified_date\":\"20170112145302\",\"copy_number\":null,\"callnos\":null,\"notes\":[],\"holdings_desc\":[],\"recent_holdings_desc\":[],\"supplemental_holdings_desc\":[],\"index_holdings_desc\":[],\"locations\":[{\"code\":\"serv,remo\",\"number\":128,\"name\":\"*Networked
        Resource\",\"library\":null}]}"],"id":"9759048","format":["Book"],"online":["Online"],"pub_date_display":["2019"],"pub_date_facet":2019,"pub_info_display":["[S.l.]
        : Oxford University Press, 2019."],"title_display":"Oxford Handbook of Greek
        and Roman Slaveries","fulltitle_display":"Oxford Handbook of Greek and Roman
        Slaveries","other_id_display":["(WaSeSS)OCM1ssib025848927","9759048","(OCoLC)968421010"],"url_access_json":["{\"providercode\":\"PRVASL\",\"dbcode\":\"3Y6\",\"description\":\"Full
        text available from Oxford Handbooks Online Connect to text.\",\"ssid\":\"ssib025848927\",\"url\":\"http://proxy.library.cornell.edu/login?url=http://www.oxfordhandbooks.com/view/10.1093/oxfordhb/9780199575251.001.0001/oxfordhb-9780199575251\"}"],"url_access_display":["http://proxy.library.cornell.edu/login?url=http://www.oxfordhandbooks.com/view/10.1093/oxfordhb/9780199575251.001.0001/oxfordhb-9780199575251|Full
        text available from Oxford Handbooks Online Connect to text."],"acquired_dt":"2017-01-12T00:00:00Z","availability_json":"{\"online\":true}","score":1.50515},{"holdings_record_display":["{\"id\":\"10667497\",\"modified_date\":\"20180511142449\",\"copy_number\":null,\"callnos\":[\"Available
        for the Library to Purchase\"],\"notes\":[],\"holdings_desc\":[],\"recent_holdings_desc\":[],\"supplemental_holdings_desc\":[],\"index_holdings_desc\":[],\"locations\":[{\"code\":\"cts,rev\",\"number\":120,\"name\":\"Library
        Technical Services Review Shelves\",\"library\":null}]}"],"id":"10363315","format":["Book"],"language_display":["English."],"pub_date_display":["[2018]"],"pub_date_facet":2019,"pub_info_display":["Upper
        Saddle River, New Jersey : Pearson, [2018]"],"fulltitle_display":"Families,
        schools, and communities : building partnerships for educating children","title_display":"Families,
        schools, and communities","author_display":"Scully, Patricia A., 1949- author","subtitle_display":"building
        partnerships for educating children","edition_display":["Seventh edition."],"other_id_display":["(CaONFJC)cou38492321","(DLC)cou38492321","10363315","(OCoLC)1019834772"],"acquired_dt":"2018-05-11T00:00:00Z","availability_json":"{\"available\":true,\"availAt\":{\"Library
        Technical Services Review Shelves\":\"Available for the Library to Purchase\"}}","score":1.50515},{"holdings_record_display":["{\"id\":\"10659102\",\"modified_date\":\"20180425085643\",\"copy_number\":null,\"callnos\":[],\"notes\":[],\"holdings_desc\":[],\"recent_holdings_desc\":[],\"supplemental_holdings_desc\":[],\"index_holdings_desc\":[],\"locations\":[{\"code\":\"olin\",\"number\":99,\"name\":\"Olin
        Library\",\"library\":\"Olin Library\"}]}"],"online":["At the Library"],"id":"10354483","format":["Book"],"language_display":["English."],"pub_date_display":["2019"],"pub_date_facet":2019,"pub_info_display":["New
        York : Routledge, 2019."],"fulltitle_display":"Engaging anthropological theory
        : a social and political history","title_display":"Engaging anthropological
        theory","author_display":"Moberg, Mark, 1959- author","subtitle_display":"a
        social and political history","edition_display":["Second Edition, Fully revised
        Second Edition."],"other_id_display":["(OCoLC)1031039780","10354483"],"availability_json":"{\"available\":false,\"unavailAt\":{\"Olin
        Library\":\"1 Copy Ordered as of 2018-04-25\"}}","score":1.50515},{"holdings_record_display":["{\"id\":\"8952778\",\"modified_date\":\"20140731130217\",\"copy_number\":null,\"callnos\":null,\"notes\":[],\"holdings_desc\":[],\"recent_holdings_desc\":[],\"supplemental_holdings_desc\":[],\"index_holdings_desc\":[],\"locations\":[{\"code\":\"serv,remo\",\"number\":128,\"name\":\"*Networked
        Resource\",\"library\":null}]}"],"id":"8575328","format":["Musical Recording"],"online":["Online"],"language_display":["English."],"pub_date_display":["2019"],"pub_date_facet":2019,"pub_info_display":["Hong
        Kong : Naxos Digital Services US Inc. 2019"],"title_display":"STRAVINKSY,
        I.: Histoire du soldat (Horwitz, Blacher)","fulltitle_display":"STRAVINKSY,
        I.: Histoire du soldat (Horwitz, Blacher)","other_id_display":["(Naxos)PHIL06005","(OCoLC)885034837","8575328"],"url_access_json":["{\"providercode\":\"PRVAQU\",\"dbcode\":\"CZN\",\"description\":\"Available
        at Naxos Music Library Connect to full text. Access limited to authorized
        subscribers.\",\"url\":\"http://proxy.library.cornell.edu/login?url=http://univportal.naxosmusiclibrary.com/catalogue/item.asp?cid=PHIL06005\"}"],"url_access_display":["http://proxy.library.cornell.edu/login?url=http://univportal.naxosmusiclibrary.com/catalogue/item.asp?cid=PHIL06005|Available
        at Naxos Music Library Connect to full text. Access limited to authorized
        subscribers."],"availability_json":"{\"online\":true}","score":1.50515},{"holdings_record_display":["{\"id\":\"10682428\",\"modified_date\":\"20180522144911\",\"copy_number\":null,\"callnos\":[],\"notes\":[],\"holdings_desc\":[],\"recent_holdings_desc\":[],\"supplemental_holdings_desc\":[],\"index_holdings_desc\":[],\"locations\":[{\"code\":\"fine\",\"number\":31,\"name\":\"Fine
        Arts Library (B56 Sibley Hall)\",\"library\":\"Fine Arts Library\"}]}"],"online":["At
        the Library"],"id":"10378707","format":["Book"],"language_display":["English."],"pub_date_display":["2019"],"pub_date_facet":2019,"pub_info_display":["Minneapolis
        : University of Minnesota Press, 2019."],"fulltitle_display":"Graphic assembly
        : montage, media, and experimental architecture in the 1960s''","title_display":"Graphic
        assembly","author_display":"Buckley, Craig, author","subtitle_display":"montage,
        media, and experimental architecture in the 1960s''","other_id_display":["(OCoLC)1035777339","10378707"],"availability_json":"{\"available\":false,\"unavailAt\":{\"Fine
        Arts Library (B56 Sibley Hall)\":\"1 Copy Ordered as of 2018-05-23\"}}","score":1.50515},{"holdings_record_display":["{\"id\":\"10687053\",\"modified_date\":\"20180604092359\",\"copy_number\":null,\"callnos\":[],\"notes\":[],\"holdings_desc\":[],\"recent_holdings_desc\":[],\"supplemental_holdings_desc\":[],\"index_holdings_desc\":[],\"locations\":[{\"code\":\"olin\",\"number\":99,\"name\":\"Olin
        Library\",\"library\":\"Olin Library\"}]}"],"online":["At the Library"],"id":"10383719","format":["Book"],"language_display":["English."],"pub_date_display":["2019"],"pub_date_facet":2019,"pub_info_display":["Aberdeen
        : Vulpine Press, 2019."],"fulltitle_display":"The rare or unread stories of
        Grant Allen (1849-1899)","title_display":"The rare or unread stories of Grant
        Allen (1849-1899)","author_display":"Allen, Grant, 1848-1899, author","other_id_display":["(CaONFJC)66935804","10383719"],"availability_json":"{\"available\":false,\"unavailAt\":{\"Olin
        Library\":\"1 Copy Ordered as of 2018-06-04\"}}","score":1.50515}]},"facet_counts":{"facet_queries":{},"facet_fields":{"format":["Book",6925801,"Journal/Periodical",387994,"Microform",355654,"Musical
        Recording",222989,"Thesis",200812,"Video",100008,"Musical Score",97646,"Map
        or Globe",64722,"Manuscript/Archive",16404,"Non-musical Recording",10217],"online":["At
        the Library",5885548,"Online",2069373],"language_facet":["English",4877484,"German",543067,"French",338362,"Spanish",290106,"Chinese",268154,"Russian",184022,"Italian",151949,"Indonesian",138864,"Japanese",103633,"Vietnamese",76361],"location_facet":["Library
        Annex",2408095,"Olin Library",1692169,"Kroch Library Asia",616560,"Kroch Library
        Rare & Manuscripts",508797,"Music Library",201017,"Law Library",199678,"Mann
        Library",165358,"Uris Library",149485,"ILR Library",110710,"Mathematics Library",52733]},"facet_ranges":{},"facet_intervals":{},"facet_heatmaps":{}},"spellcheck":{"suggestions":[],"correctlySpelled":true}}

'
    http_version: 
  recorded_at: Fri, 22 Jun 2018 06:23:20 GMT
- request:
    method: get
    uri: http://da-prod-solr7.library.cornell.edu/solr/b9/databasesBySubject?indent=true&q=%22Anthropology%22&wt=json
    body:
      encoding: UTF-8
      string: ''
    headers:
      User-Agent:
      - HTTPClient/1.0 (2.8.3, ruby 2.3.1 (2016-04-26))
      Accept:
      - "*/*"
      Date:
      - Fri, 22 Jun 2018 06:23:20 GMT
  response:
    status:
      code: 200
      message: OK
    headers:
      Date:
      - Fri, 22 Jun 2018 06:23:20 GMT
      Last-Modified:
      - Fri, 22 Jun 2018 03:00:34 GMT
      Etag:
      - '"N2U1NmIwMDAwMDAwMDAwMFNvbHI="'
      Content-Type:
      - application/json; charset=UTF-8
      Content-Length:
      - '21076'
      Via:
      - 1.1 da-prod-solr7.library.cornell.edu
      Vary:
      - Accept-Encoding
      Connection:
      - close
    body:
      encoding: UTF-8
      string: |
        {
          "responseHeader":{
            "zkConnected":true,
            "status":0,
            "QTime":156,
            "params":{
              "q":"\"Anthropology\"",
              "indent":"true",
              "wt":["json",
                "json"]}},
          "response":{"numFound":18,"start":0,"docs":[
              {
                "id":"5928394",
                "title_display":"Africa-wide",
                "subtitle_display":"NiPAD",
                "fulltitle_display":"Africa-wide : NiPAD",
                "summary_display":["Africa-wide NiPAD is an index covering material on Africa  from the 19th century to the present, including: African studies abstracts  (1994- ), Africa Institute (1981- ), Southern African database (1961- ),  School of Oriental and African Studies Library catalogue: Africa (1989- ),  NAMLIT (19th century- ), Don Africana collection (16th century- ) Campbell  collections of the University of Natal, Killie Campbell Africana Library  (19th century- ), Business & industry: Africa (1994- ), Natural and cultural  history Africa (1960- ), African periodicals exhibit catalogue (1997),  Bibliography on contemporary African politics and development (1981-1992),  International library of African music, Database of Swiss theses and  dissertations (1897-1996) ; Index to South African periodicals  (1987-present), the South African national bibliography (1988-present),  National English Literary Museum (1990-present, retrospective to the 19th  cent.), Knipkat from the Nasionale Afrikaanse Letterkunde Museum en  Navorsingsentrum, Witwatersrand University Management Research Reports  (1970-present), The Centre for Rural Legal Studies Database (1987 and  earlier to present), South African Legal Abbreviations, and others."],
                "url_access_json":["{\"providercode\":\"PRVEBS\",\"dbcode\":\"KSC\",\"description\":\"Connect to full text.\",\"url\":\"http://resolver.library.cornell.edu/misc/5928394\"}"],
                "url_access_display":["http://resolver.library.cornell.edu/misc/5928394|Connect to full text."],
                "sixfivethree":["World Regions and Diasporas",
                  "Middle East and Africa",
                  "Anthropology",
                  "Arts and Humanities",
                  "Social Sciences"]},
              {
                "id":"361525",
                "title_display":"Bibliography of Asian studies",
                "fulltitle_display":"Bibliography of Asian studies",
                "summary_display":["No full text. Chiefly scholarly. Indexes articles and book chapters, including many journals not indexed elsewhere. Covers primarily humanities and social sciences for East, South, and Southeast Asia. Indexes publications from 1977-present. Primarily English language. Also known as BAS."],
                "url_access_display":["http://resolver.library.cornell.edu/misc/abp0999"],
                "url_access_json":["{\"providercode\":\"PRVAYN\",\"dbcode\":\"BALTR\",\"url\":\"http://resolver.library.cornell.edu/misc/abp0999\"}"],
                "sixfivethree":["World Regions and Diasporas",
                  "South and Southeast Asia",
                  "East Asia",
                  "Anthropology",
                  "Arts and Humanities",
                  "History",
                  "Linguistics, Language and Literature",
                  "Social Sciences",
                  "Sociology and Rural Development"]},
              {
                "id":"5510969",
                "title_display":"Bibliography of native North Americans",
                "fulltitle_display":"Bibliography of native North Americans",
                "summary_display":["Selected full text. Primarily scholarly. Chiefly secondary sources. Covers history, life, and culture of native North Americans from the sixteenth century to the present. Also known as BNNA."],
                "url_access_display":["http://resolver.library.cornell.edu/misc/5510969"],
                "url_access_json":["{\"providercode\":\"PRVEBS\",\"dbcode\":\"BBL\",\"url\":\"http://resolver.library.cornell.edu/misc/5510969\"}"],
                "sixfivethree":["Anthropology",
                  "Arts and Humanities",
                  "History",
                  "Linguistics, Language and Literature",
                  "Social Sciences",
                  "Sociology and Rural Development"]},
              {
                "id":"5745591",
                "title_display":"Billie Jean Isbell Andean collection",
                "subtitle_display":"images from the Andes",
                "fulltitle_display":"Billie Jean Isbell Andean collection : images from the Andes",
                "summary_display":["This collection of materials is derived from Professor Billie Jean Isbell's 40 years of research in the Andes, primarily in the southern Andean department of Ayacucho and specifically in the village of Chuschi, Peru, and the surrounding region of the River Pampas Valley. Included in this collection are approximately 1500 photographs, thirteen songs, Professor Isbell's ethnography, To Defend Ourselves: Ecology and Ritual in an Andean Village, as well as selected publications."],
                "url_access_json":["{\"providercode\":\"PRVAGG\",\"description\":\"Digital collection\",\"url\":\"http://resolver.library.cornell.edu/misc/5745591\"}"],
                "url_access_display":["http://resolver.library.cornell.edu/misc/5745591|Digital collection"],
                "sixfivethree":["Anthropology",
                  "General Interest and Reference",
                  "Images",
                  "Social Sciences"]},
              {
                "id":"3511317",
                "title_display":"Chicano database",
                "fulltitle_display":"Chicano database",
                "summary_display":["Selected full text. Chiefly scholarly. Chiefly secondary sources. Covers Mexican-American and Chicano topics from 1967 to present. Since 1992 covers the broader Latino experience, including Puerto Ricans, Cuban Americans, and Central American immigrants."],
                "url_access_display":["http://resolver.library.cornell.edu/misc/3511317"],
                "url_access_json":["{\"providercode\":\"PRVOCL\",\"dbcode\":\"AWZ\",\"url\":\"http://resolver.library.cornell.edu/misc/3511317\"}"],
                "sixfivethree":["World Regions and Diasporas",
                  "Latin America",
                  "Anthropology",
                  "Arts and Humanities",
                  "History",
                  "Social Sciences",
                  "Sociology and Rural Development"]},
              {
                "id":"5616639",
                "title_display":"Digital Himalaya",
                "fulltitle_display":"Digital Himalaya",
                "summary_display":["The Digital Himalaya project was conceived of as a strategy for archiving and making available valuable ethnographic materials such as films in various formats, still photographs, sound recordings, field notes and rare journals from the Himalayan region. Based jointly at the Department of Social Anthropology at Cambridge University and the Anthropology Department at Cornell University, the project began in December 2000."],
                "url_access_display":["http://resolver.library.cornell.edu/misc/5616639"],
                "url_access_json":["{\"providercode\":\"PRVPBV\",\"dbcode\":\"4J8\",\"url\":\"http://resolver.library.cornell.edu/misc/5616639\"}"],
                "sixfivethree":["World Regions and Diasporas",
                  "South and Southeast Asia",
                  "Anthropology",
                  "Arts and Humanities",
                  "Social Sciences"]},
              {
                "id":"3850195",
                "title_display":"eHRAF world cultures",
                "fulltitle_display":"eHRAF world cultures",
                "summary_display":["A systematically organized collection of thousands of books and articles on cultures from all regions of the world; provides information on particular cultures, ethnic groups, or immigrant groups, their beliefs and superstitions, or subjects such as political structure, architecture, kinship units, or settlement patterns.  The information is organized by cultures and ethnic groups and the full-text documents are subject-indexed at the paragraph level."],
                "url_access_display":["http://resolver.library.cornell.edu/misc/3850195"],
                "url_access_json":["{\"providercode\":\"PRVAKW\",\"dbcode\":\"BJI\",\"url\":\"http://resolver.library.cornell.edu/misc/3850195\"}"],
                "sixfivethree":["World Regions and Diasporas",
                  "General Resources",
                  "Anthropology",
                  "Social Sciences"]},
              {
                "id":"4126053",
                "fulltitle_display":"Gnomon online : the Eichstätt information system for classical studies",
                "title_display":"Gnomon online",
                "subtitle_display":"the Eichstätt information system for classical studies",
                "summary_display":["This online index provides access to a selection of the material in the print periodical (Gnomon: kritische Zeitschrift für die gesamte klassische Altertumswissenschaft) and to the CD-ROM (Gnomon Bibliographische Datenbank) which it supplements, particularly for the years since 1998. The online version also indexes the holdings of Eichstätt University Library and recent acquisitions of the Bayerische Staatsbibliothek in classics and classical studies."],
                "url_access_json":["{\"providercode\":\"PRVBQV\",\"dbcode\":\"GQN\",\"description\":\"English version Connect to full text.\",\"url\":\"http://resolver.library.cornell.edu/misc/4126053\"}"],
                "url_access_display":["http://resolver.library.cornell.edu/misc/4126053|English version Connect to full text."],
                "sixfivethree":["Anthropology",
                  "Art and Architecture",
                  "Arts and Humanities",
                  "Social Sciences"]},
              {
                "id":"3982638",
                "title_display":"Hmong Cultural Center",
                "fulltitle_display":"Hmong Cultural Center",
                "summary_display":["The mission of the Hmong Cultural Center is to promote the personal development of children, youth and adults through Hmong cultural education while providing resources that enhance cross-cultural understanding between Hmong and non-Hmong people. The center's website includes information about Hmong heritage and culture, the educational and citizenship programs of the center, and access to the online catalog of the center's Resource Centre, intended to be a comprehensive depository of Hmong-related information for both the Hmong and larger communities."],
                "url_access_display":["http://resolver.library.cornell.edu/misc/3982638"],
                "url_access_json":["{\"url\":\"http://resolver.library.cornell.edu/misc/3982638\"}"],
                "sixfivethree":["Anthropology",
                  "Social Sciences"]},
              {
                "id":"7550733",
                "title_display":"International bibliography of the social sciences",
                "subtitle_display":"IBSS",
                "fulltitle_display":"International bibliography of the social sciences : IBSS",
                "summary_display":["This database includes over two million bibliographic references to journal articles and to books, reviews and selected chapters dating back to 1951. It is unique in its broad coverage of international material and incorporates over 100 languages and countries. Over 2,800 journals are regularly indexed and some 7,000 books are included each year."],
                "url_access_json":["{\"providercode\":\"PRVPQU\",\"dbcode\":\"8BJ \",\"description\":\"Connect to full text.\",\"url\":\"http://resolver.library.cornell.edu/misc/7550733\"}"],
                "url_access_display":["http://resolver.library.cornell.edu/misc/7550733|Connect to full text."],
                "sixfivethree":["Social Sciences",
                  "Sociology and Rural Development",
                  "Anthropology",
                  "Economics"]},
              {
                "id":"2900365",
                "title_display":"JSTOR",
                "fulltitle_display":"JSTOR",
                "summary_display":["Provides page images of back issues of the core scholarly journals in the humanities, social sciences, and basic sciences from the earliest issues to within a few years of current publication. Users may browse by journal title or discipline, or may search the full-text or citations/abstracts. New issues of existing titles and new titles are added approximately on a weekly basis."],
                "url_access_display":["http://resolver.library.cornell.edu/jsto/2900365"],
                "url_access_json":["{\"providercode\":\"PRVJST\",\"url\":\"http://resolver.library.cornell.edu/jsto/2900365\"}"],
                "sixfivethree":["Anthropology",
                  "Art and Architecture",
                  "Arts and Humanities",
                  "Economics",
                  "Education",
                  "General Interest and Reference",
                  "Linguistics, Language and Literature",
                  "Math and Statistics",
                  "Music",
                  "Philosophy and Religion",
                  "Physics and Astronomy",
                  "Science and Technology",
                  "Social Sciences",
                  "Sociology and Rural Development"]},
              {
                "id":"5695501",
                "title_display":"Middle Eastern & Central Asian Studies",
                "fulltitle_display":"Middle Eastern & Central Asian Studies",
                "summary_display":["Selected full text. Chiefly scholarly. Interdisciplinary approach to Middle East, Central Asia and North Africa. Indexes publications 1900 to present."],
                "url_access_display":["http://resolver.library.cornell.edu/misc/5695501"],
                "url_access_json":["{\"providercode\":\"PRVEBS\",\"dbcode\":\"CWM\",\"url\":\"http://resolver.library.cornell.edu/misc/5695501\"}"],
                "sixfivethree":["World Regions and Diasporas",
                  "Middle East and Africa",
                  "Anthropology",
                  "Arts and Humanities",
                  "History",
                  "Social Sciences"]},
              {
                "id":"3936938",
                "title_display":"PASCAL FRANCIS",
                "fulltitle_display":"PASCAL FRANCIS",
                "summary_display":["The site offers  free access to a searchable archive of two databases, FRANCIS (1972-2015) and PASCAL (1984-2015). FRANCIS covers 15 disciplines in human and social sciences with 2.6 million bibliographic references since 1972. PASCAL gathers 20 million bibliographic references in science, technology, and medicine. Emphasis on European academic journals."],
                "url_access_display":["http://resolver.library.cornell.edu/misc/3936938"],
                "url_access_json":["{\"providercode\":\"PRVERU\",\"url\":\"http://resolver.library.cornell.edu/misc/3936938\"}"],
                "sixfivethree":["Arts and Humanities",
                  "Anthropology",
                  "Linguistics, Language and Literature",
                  "Philosophy and Religion",
                  "Psychology",
                  "Science and Technology",
                  "Social Sciences",
                  "Sociology and Rural Development"]},
              {
                "id":"3932995",
                "fulltitle_display":"RAMBI : index of articles on Jewish studies  = Reshimat ma'amarim be-mada'e ha-Yahadut",
                "title_display":"RAMBI",
                "subtitle_display":"index of articles on Jewish studies  = Reshimat ma'amarim be-mada'e ha-Yahadut",
                "summary_display":["Selective bibliography of articles in the various fields of Jewish studies and in the study of Eretz Israel. Material listed in Rambi is compiled from thousands of periodicals and from collections of articles - in Hebrew, Yiddish, and European languages- mainly from the holdings of the Jewish National and University Library, a world center for research on the Jewish people and Eretz Israel. The main criterion for inclusion in the bibliography is that the article be based on scientific research, or contain important information for such research."],
                "url_access_display":["http://resolver.library.cornell.edu/misc/3932995"],
                "url_access_json":["{\"providercode\":\"PRVBIS\",\"dbcode\":\"DLS\",\"url\":\"http://resolver.library.cornell.edu/misc/3932995\"}"],
                "sixfivethree":["Anthropology",
                  "Arts and Humanities",
                  "Government, Law and Public Policy",
                  "Philosophy and Religion (Core)",
                  "Social Sciences",
                  "Sociology and Rural Development"]},
              {
                "id":"3131835",
                "title_display":"Sociological abstracts",
                "fulltitle_display":"Sociological abstracts",
                "summary_display":["Abstracts and indexes the international literature in sociology and related disciplines in the social and behavioral sciences. Provides citations from 1963 to the present, and abstracts since 1974, to journal articles, conference papers, books, and dissertations. Subjects covered include community development, culture and social structure, demography and human biology, environmental interactions, family and social welfare, health and medicine and law, religion and science, social psychology and group interactions, welfare services, and women's studies."],
                "url_access_json":["{\"providercode\":\"PRVPQU\",\"dbcode\":\"BHHNA\",\"description\":\"Connect to full text\",\"url\":\"http://resolver.library.cornell.edu/misc/3131835\"}"],
                "url_access_display":["http://resolver.library.cornell.edu/misc/3131835|Connect to full text"],
                "sixfivethree":["Anthropology",
                  "Government, Law and Public Policy",
                  "Human Resources, Labor & Employment",
                  "Population and Demography",
                  "Social Sciences",
                  "Sociology and Rural Development (Core)"]},
              {
                "id":"3846681",
                "fulltitle_display":"South East Asian images & texts project : SEAiT",
                "title_display":"South East Asian images & texts project",
                "subtitle_display":"SEAiT",
                "summary_display":["A digital archive of historical photography for Southeast Asia, drawing scattered historical photographs of Southeast Asia into a single accessible source and a standard digital format. The archive incorporates elements from a broad spectrum of social sciences, including history, geography, anthropology and political science.  Includes a text-based search engine."],
                "url_access_display":["http://resolver.library.cornell.edu/misc/3846681"],
                "url_access_json":["{\"url\":\"http://resolver.library.cornell.edu/misc/3846681\"}"],
                "sixfivethree":["World Regions and Diasporas",
                  "South and Southeast Asia",
                  "Anthropology",
                  "Arts and Humanities",
                  "Social Sciences"]},
              {
                "id":"5745579",
                "title_display":"Southeast Asia visions",
                "subtitle_display":"a collection of historic travel narratives",
                "fulltitle_display":"Southeast Asia visions : a collection of historic travel narratives",
                "summary_display":["Southeast Asia Visions, a collection of European travel accounts of pre-modern Southeast Asia from Cornell University Library's John M. Echols Collection. The site provides online access to more than 350 books and journal articles written in English and French. The works in the collection were selected for the quality of their first-hand observations and, together, provide a comprehensive representation of Southeast Asia. Along with their narratives, these accounts include some 10,000 images, drawings, photographs, prints and maps, many of them in color. The objectives of this project are both to meet the curricular needs of courses taught at Cornell University and to make these texts and images accessible via the Internet to students and scholars worldwide. It presents scholars an excellent opportunity to look anew at pre-modern Southeast Asia."],
                "url_access_display":["http://resolver.library.cornell.edu/misc/5745579"],
                "url_access_json":["{\"providercode\":\"PRVAGG\",\"dbcode\":\"4E9\",\"url\":\"http://resolver.library.cornell.edu/misc/5745579\"}"],
                "sixfivethree":["World Regions and Diasporas",
                  "South and Southeast Asia",
                  "Anthropology",
                  "Arts and Humanities",
                  "General Interest and Reference",
                  "Social Sciences"]},
              {
                "id":"3072002",
                "title_display":"Web of science",
                "fulltitle_display":"Web of science",
                "summary_display":["Web of Science - All Databases indexes core journal articles, conference proceedings, data sets, and other resources in the sciences, social sciences, arts, and humanities."],
                "url_access_json":["{\"providercode\":\"PRVOCA\",\"dbcode\":\"EGQ\",\"description\":\"Connect to full text.\",\"url\":\"http://resolver.library.cornell.edu/misc/apz6164\"}"],
                "url_access_display":["http://resolver.library.cornell.edu/misc/apz6164|Connect to full text."],
                "sixfivethree":["Agriculture (Core)",
                  "Anthropology",
                  "Art and Architecture",
                  "Arts and Humanities",
                  "Biology (Core)",
                  "Chemistry (Core)",
                  "Communications",
                  "Computers and Information Science",
                  "Economics",
                  "Education",
                  "Engineering (Core)",
                  "Environment and Natural Resources (Core)",
                  "Food and Nutrition",
                  "Geography, Maps and Spatial Data",
                  "Geology",
                  "Government, Law and Public Policy",
                  "History",
                  "Human Resources, Labor & Employment (Core)",
                  "Library and Information Science",
                  "Linguistics, Language and Literature",
                  "Math and Statistics",
                  "Medicine - Human and Veterinary (Core)",
                  "Music",
                  "Philosophy and Religion",
                  "Physics and Astronomy",
                  "Population and Demography",
                  "Psychology",
                  "Science and Technology",
                  "Social Sciences",
                  "Sociology and Rural Development",
                  "Theater, Film and Television"]}]
          }}
    http_version: 
  recorded_at: Fri, 22 Jun 2018 06:23:20 GMT
- request:
    method: get
    uri: http://da-prod-solr7.library.cornell.edu/solr/b9/databasesBySubject?indent=true&q=%22Anthropology%20(Core)%22&wt=json
    body:
      encoding: UTF-8
      string: ''
    headers:
      User-Agent:
      - HTTPClient/1.0 (2.8.3, ruby 2.3.1 (2016-04-26))
      Accept:
      - "*/*"
      Date:
      - Fri, 22 Jun 2018 06:23:20 GMT
  response:
    status:
      code: 200
      message: OK
    headers:
      Date:
      - Fri, 22 Jun 2018 06:23:20 GMT
      Last-Modified:
      - Fri, 22 Jun 2018 03:00:34 GMT
      Etag:
      - '"N2U1NmIwMDAwMDAwMDAwMFNvbHI="'
      Content-Type:
      - application/json; charset=UTF-8
      Content-Length:
      - '3816'
      Via:
      - 1.1 da-prod-solr7.library.cornell.edu
      Vary:
      - Accept-Encoding
      Connection:
      - close
    body:
      encoding: UTF-8
      string: |
        {
          "responseHeader":{
            "zkConnected":true,
            "status":0,
            "QTime":16,
            "params":{
              "q":"\"Anthropology (Core)\"",
              "indent":"true",
              "wt":"json"}},
          "response":{"numFound":3,"start":0,"docs":[
              {
                "id":"4481177",
                "title_display":"AnthropologyPlus",
                "fulltitle_display":"AnthropologyPlus",
                "summary_display":["\"As a compilation of the Anthropological Index and Anthropological Literature databases, Anthropology Plus is the world's most comprehensive index of bibliographic materials covering the fields of anthropology, archaeology, and related interdisciplinary research.   This database offers worldwide indexing of all core periodical and lesser-known journals from the early 19th century to today, providing extensive indexing of journal articles, reports, commentaries, edited works and obituaries in the fields of social, cultural, physical, biological and linguistic anthropology, ethnology, archaeology, folklore, material culture, interdisciplinary studies, etc.\"",
                  "\"Subject coverage includes: anthropology, archaeology, art history, demography, economics, ethnology, folklore, human ecology, linguistics, linguistics and literature, material culture, museum studies, primatology, psychology, religious studies, sociological anthropology, and much more.\""],
                "url_access_display":["http://resolver.library.cornell.edu/misc/4481177"],
                "url_access_json":["{\"providercode\":\"PRVEBS\",\"dbcode\":\"UW3\",\"url\":\"http://resolver.library.cornell.edu/misc/4481177\"}"],
                "sixfivethree":["Social Sciences",
                  "Anthropology (Core)"]},
              {
                "id":"5366869",
                "title_display":"AnthroSource",
                "fulltitle_display":"AnthroSource",
                "summary_display":["Current issues of Association journals and bulletins, plus searchable archived issues of all the Association's publications,  <1888-2003>. Covers political, medical, cultural, and legal anthropology; ethnology; education; humanism; archaeology; nutrition; gender issues; and linguistics."],
                "url_access_json":["{\"providercode\":\"PRVACL\",\"dbcode\":\"RCZ\",\"description\":\"Connect to AnthroSource.\",\"url\":\"http://resolver.library.cornell.edu/misc/5366869\"}"],
                "url_access_display":["http://resolver.library.cornell.edu/misc/5366869|Connect to AnthroSource."],
                "providercode":["PRVACL"],
                "dbcode":["RCZ"],
                "sixfivethree":["Social Sciences",
                  "Anthropology (Core)"]},
              {
                "id":"9794017",
                "title_display":"Sociology source ultimate",
                "fulltitle_display":"Sociology source ultimate",
                "summary_display":["Sociology Source Ultimate is an expanded version of SocINDEX, including greater coverage of peer-reviewed journals, international resources and open access titles. Provides citations and direct links to the texts of journal articles, book chapters and conference proceedings, some as far back as 1880. Comprehensive coverage encompassing sub-disciplines and related areas of the social sciences, including labor, crime, demography, economic sociology, immigration, ethnic, racial and gender studies, family, political sociology, religion, development, social psychology, social structure, social work, socio-cultural anthropology, social history, theory, methodology, and more."],
                "url_access_display":["http://resolver.library.cornell.edu/misc/9794017"],
                "url_access_json":["{\"providercode\":\"PRVEBS\",\"dbcode\":\"ADZJE\",\"url\":\"http://resolver.library.cornell.edu/misc/9794017\"}"],
                "sixfivethree":["Social Sciences",
                  "Anthropology (Core)",
                  "Human Resources, Labor & Employment",
                  "Population and Demography",
                  "Sociology and Rural Development (Core)"]}]
          }}
    http_version: 
  recorded_at: Fri, 22 Jun 2018 06:23:20 GMT
- request:
    method: get
    uri: http://da-prod-solr7.library.cornell.edu/solr/b9/database?id=5366869&indent=true&wt=json
    body:
      encoding: UTF-8
      string: ''
    headers:
      User-Agent:
      - HTTPClient/1.0 (2.8.3, ruby 2.3.1 (2016-04-26))
      Accept:
      - "*/*"
      Date:
      - Fri, 22 Jun 2018 06:23:21 GMT
  response:
    status:
      code: 200
      message: OK
    headers:
      Date:
      - Fri, 22 Jun 2018 06:23:21 GMT
      Last-Modified:
      - Fri, 22 Jun 2018 03:00:34 GMT
      Etag:
      - '"N2U1NmIwMDAwMDAwMDAwMFNvbHI="'
      Content-Type:
      - application/json; charset=UTF-8
      Content-Length:
      - '1267'
      Via:
      - 1.1 da-prod-solr7.library.cornell.edu
      Vary:
      - Accept-Encoding
      Connection:
      - close
    body:
      encoding: UTF-8
      string: |
        {
          "responseHeader":{
            "zkConnected":true,
            "status":0,
            "QTime":9,
            "params":{
              "indent":"true",
              "id":"5366869",
              "wt":"json"}},
          "response":{"numFound":1,"start":0,"maxScore":13.9637785,"docs":[
              {
                "id":"5366869",
                "title_display":"AnthroSource",
                "fulltitle_display":"AnthroSource",
                "title_other_display":["Navigation bar title: AS anthrosource",
                  "Home page presentation title: Welcome to AnthroSource",
                  "Anthro source"],
                "summary_display":["Current issues of Association journals and bulletins, plus searchable archived issues of all the Association's publications,  <1888-2003>. Covers political, medical, cultural, and legal anthropology; ethnology; education; humanism; archaeology; nutrition; gender issues; and linguistics."],
                "url_access_json":["{\"providercode\":\"PRVACL\",\"dbcode\":\"RCZ\",\"description\":\"Connect to AnthroSource.\",\"url\":\"http://resolver.library.cornell.edu/misc/5366869\"}"],
                "url_access_display":["http://resolver.library.cornell.edu/misc/5366869|Connect to AnthroSource."],
                "providercode":["PRVACL"],
                "dbcode":["RCZ"],
                "sixfivethree":["Social Sciences",
                  "Anthropology (Core)"]}]
          }}
    http_version: 
  recorded_at: Fri, 22 Jun 2018 06:23:21 GMT
- request:
    method: get
    uri: http://da-prod-solr7.library.cornell.edu/solr/b9/databases?defType=dismax&indent=true&q=MLA&wt=json
    body:
      encoding: UTF-8
      string: ''
    headers:
      User-Agent:
      - HTTPClient/1.0 (2.8.3, ruby 2.3.1 (2016-04-26))
      Accept:
      - "*/*"
      Date:
      - Fri, 22 Jun 2018 06:23:32 GMT
  response:
    status:
      code: 200
      message: OK
    headers:
      Date:
      - Fri, 22 Jun 2018 06:23:32 GMT
      Last-Modified:
      - Fri, 22 Jun 2018 03:00:34 GMT
      Etag:
      - '"N2U1NmIwMDAwMDAwMDAwMFNvbHI="'
      Content-Type:
      - application/json; charset=UTF-8
      Content-Length:
      - '3085'
      Via:
      - 1.1 da-prod-solr7.library.cornell.edu
      Vary:
      - Accept-Encoding
      Connection:
      - close
    body:
      encoding: UTF-8
      string: |
        {
          "responseHeader":{
            "zkConnected":true,
            "status":0,
            "QTime":396,
            "params":{
              "q":"MLA",
              "defType":"dismax",
              "indent":"true",
              "wt":"json"}},
          "response":{"numFound":3,"start":0,"maxScore":623508.9,"docs":[
              {
                "id":"2477233",
                "title_display":"MLA international bibliography",
                "fulltitle_display":"MLA international bibliography",
                "summary_display":["Provides access to citations of journal articles, books, and dissertations published on modern languages, literatures, folklore, and linguistics. Coverage is international and subjects include literature, language and linguistics, literary theory, dramatic arts, folklore, and film since 1963. Special features include the full text of the original article for some citations and a collection of images consisting of photographs, maps, and flags."],
                "url_access_display":["http://resolver.library.cornell.edu/misc/amk3488"],
                "url_access_json":["{\"providercode\":\"PRVEBS\",\"dbcode\":\"CXG\",\"url\":\"http://resolver.library.cornell.edu/misc/amk3488\"}"],
                "sixfivethree":["Arts and Humanities",
                  "Linguistics, Language and Literature (Core)",
                  "Theater, Film and Television (Core)"]},
              {
                "id":"6961751",
                "title_display":"MLA directory of periodicals",
                "fulltitle_display":"MLA directory of periodicals",
                "summary_display":["Presents detailed information on more than 7,100 periodicals in the areas of literature, language, linguistics, and folklore, with 4,400 currently indexed in the MLA International Bibliography. The entries list editorial addresses, phone numbers, fax numbers, e-mail addresses, frequency of publication, descriptions of the periodicals' scopes, circulation figures, subscription prices and addresses, advertising information, and submission guidelines."],
                "url_access_json":["{\"providercode\":\"PRVEBS\",\"dbcode\":\"CXE\",\"description\":\"Connect to full text.\",\"url\":\"http://resolver.library.cornell.edu/misc/6961751\"}"],
                "url_access_display":["http://resolver.library.cornell.edu/misc/6961751|Connect to full text."],
                "sixfivethree":["General Interest and Reference",
                  "Directories"]},
              {
                "id":"8492010",
                "title_display":"Ebscohost",
                "fulltitle_display":"Ebscohost",
                "summary_display":["A cross-searchable collection of over fifty EBSCO databases covering a wide variety of subjects. The content is nearly all articles, but the EBSCO eBooks Collection is also included in the search."],
                "url_access_json":["{\"providercode\":\"PRVEBS\",\"dbcode\":\"EYD\",\"description\":\"Connect to full text via the EBSCOhost Web search interface.\",\"url\":\"http://resolver.library.cornell.edu/misc/8492010\"}"],
                "url_access_display":["http://resolver.library.cornell.edu/misc/8492010|Connect to full text via the EBSCOhost Web search interface."],
                "sixfivethree":["General Interest and Reference",
                  "Newspapers, Magazines and Current Events"]}]
          }}
    http_version: 
  recorded_at: Fri, 22 Jun 2018 06:23:32 GMT
- request:
    method: get
    uri: http://da-prod-solr7.library.cornell.edu/solr/b9/databasesBySubject?indent=true&q=%22Images%22&wt=json
    body:
      encoding: UTF-8
      string: ''
    headers:
      User-Agent:
      - HTTPClient/1.0 (2.8.3, ruby 2.3.1 (2016-04-26))
      Accept:
      - "*/*"
      Date:
      - Fri, 22 Jun 2018 06:23:36 GMT
  response:
    status:
      code: 200
      message: OK
    headers:
      Date:
      - Fri, 22 Jun 2018 06:23:36 GMT
      Last-Modified:
      - Fri, 22 Jun 2018 03:00:34 GMT
      Etag:
      - '"N2U1NmIwMDAwMDAwMDAwMFNvbHI="'
      Content-Type:
      - application/json; charset=UTF-8
      Via:
      - 1.1 da-prod-solr7.library.cornell.edu
      Vary:
      - Accept-Encoding
      Connection:
      - close
      Transfer-Encoding:
      - chunked
    body:
      encoding: UTF-8
      string: |
        {
          "responseHeader":{
            "zkConnected":true,
            "status":0,
            "QTime":44,
            "params":{
              "q":"\"Images\"",
              "indent":"true",
              "wt":["json",
                "json"]}},
          "response":{"numFound":35,"start":0,"docs":[
              {
                "id":"6041418",
                "title_display":"Ad*Access",
                "fulltitle_display":"Ad*Access",
                "summary_display":["Presents images and database information for over 7,000 advertisements printed in U.S. and Canadian newspapers and magazines between 1911 and 1955. Concentrates on five main subject areas: radio, television, transportation, beauty and hygiene, and World War II, providing a view of a number of major campaigns and companies through images preserved in the J. Walter Thompson Company Competitive Advertisements Collection of the John W. Hartman Center for Sales, Advertising, and Marketing History in Duke University's Rare Book, Manuscript, and Special Collections Library."],
                "url_access_display":["http://resolver.library.cornell.edu/misc/6041418"],
                "url_access_json":["{\"providercode\":\"PRVAGZ\",\"dbcode\":\"4ED\",\"url\":\"http://resolver.library.cornell.edu/misc/6041418\"}"],
                "sixfivethree":["General Interest and Reference",
                  "Images"]},
              {
                "id":"4077228",
                "title_display":"Andrew D. White architectural photographs collection",
                "fulltitle_display":"Andrew D. White architectural photographs collection",
                "summary_display":["The Division of Rare and Manuscript Collections, Cornell University Library is home to this collection of over 13,000 nineteenth- and early twentieth-century photographs of architecture from around the world. It was established in 1871 beginning with several thousand images from Andrew Dickson White's personal architectural library."],
                "url_access_json":["{\"description\":\"Digital collection\",\"url\":\"http://resolver.library.cornell.edu/misc/4077228\"}"],
                "url_access_display":["http://resolver.library.cornell.edu/misc/4077228|Digital collection"],
                "sixfivethree":["Art and Architecture",
                  "Arts and Humanities",
                  "General Interest and Reference",
                  "Images"]},
              {
                "id":"8917262",
                "title_display":"Arkyves",
                "subtitle_display":"reference tool for the history of culture",
                "fulltitle_display":"Arkyves : reference tool for the history of culture",
                "summary_display":["Arkyves is both a unique database of images and texts and a meeting place for everyone who wants to study imagery and publish about it. All visual and textual sources are made accessible with the help of the multilingual vocabulary for cultural content of the Iconclass system. By using this system it has been made possible to find and retrieve images and texts from various sources on a specific topic. By using Arkyves it is currently possible to access more than 500.000 images, texts, etc. from libraries and museums in many countries among them the Rijksmuseum in Amsterdam, the Netherlands Institute for Art History (RKD), the Herzog August Bibliothek in Wolfenbüttel, and the university libraries of Milan, Utrecht and Glasgow."],
                "url_access_json":["{\"providercode\":\"PRVFUA\",\"dbcode\":\"IM1\",\"description\":\"Connect to full text.\",\"url\":\"http://resolver.library.cornell.edu/misc/8917262\"}"],
                "url_access_display":["http://resolver.library.cornell.edu/misc/8917262|Connect to full text."],
                "sixfivethree":["Arts and Humanities",
                  "Art and Architecture",
                  "General Interest and Reference",
                  "Images"]},
              {
                "id":"8872116",
                "title_display":"Art Museum Image Gallery",
                "fulltitle_display":"Art Museum Image Gallery",
                "summary_display":["\"Over 96,000 high-quality images with a full description. Many include curatorial text, provenance data, detail or multiple views for many images, and related multimedia where available. Presents a broad range of time and place -- spans artistic creation from 3000 B.C. to the present, with art from the cultures of Africa, Asia, Europe, and the Americas, including Native American and Meso-American peoples. Coverage of both fine and decorative art: painting, sculpture, drawings, prints, photographs, textiles, costumes, jewelry, ceramics, furniture, glass, books and manuscripts, archaeological finds, and more.\"--Product description."],
                "url_access_json":["{\"providercode\":\"PRVEBS\",\"dbcode\":\"QF1\",\"description\":\"Connect to database.\",\"url\":\"http://resolver.library.cornell.edu/misc/8872116\"}"],
                "url_access_display":["http://resolver.library.cornell.edu/misc/8872116|Connect to database."],
                "sixfivethree":["Arts and Humanities",
                  "Art and Architecture",
                  "General Interest and Reference",
                  "Images"]},
              {
                "id":"5861952",
                "fulltitle_display":"Artefacts Canada. Humanities",
                "title_display":"Artefacts Canada",
                "subtitle_display":"Humanities",
                "summary_display":["Artefacts Canada: Humanities contains almost 4 million object records and 400,000 images from hundreds of museums across the country. Have a look and you will find treasures from disciplines such as archaeology, decorative arts, fine arts, ethnology, and history."],
                "url_access_json":["{\"providercode\":\"PRVDWF\",\"dbcode\":\"4K2\",\"description\":\"Artefacts Canada: Humanities.\",\"url\":\"http://resolver.library.cornell.edu/misc/aqv1252\"}",
                  "{\"description\":\"Canadian Heritage Information Network.\",\"url\":\"https://www.canada.ca/en/heritage-information-network.html\"}"],
                "url_access_display":["http://resolver.library.cornell.edu/misc/aqv1252|Artefacts Canada: Humanities.",
                  "https://www.canada.ca/en/heritage-information-network.html|Canadian Heritage Information Network."],
                "sixfivethree":["Art and Architecture",
                  "Arts and Humanities",
                  "General Interest and Reference",
                  "Images"]},
              {
                "id":"5458505",
                "title_display":"Beautiful birds",
                "subtitle_display":"masterpieces from the Hill Ornithology Collection, Cornell University Library",
                "fulltitle_display":"Beautiful birds : masterpieces from the Hill Ornithology Collection, Cornell University Library",
                "summary_display":["Traces the development of ornithological illustration in the 18th and 19th centuries and highlights the changing techniques from metal and wood engraving to chromolithography during that period. Provides a virtual tour of an online exhibit depicting the history of ornithological illustration, with links to more detailed information, other images, and bird sounds. Exhibit includes illustrations in books from Cornell University Library's Hill Ornithological Collection as well as art works on loan to the university."],
                "url_access_json":["{\"description\":\"Website.\",\"url\":\"http://rmc.library.cornell.edu/ornithology/default.htm\"}",
                  "{\"providercode\":\"PRVAGG\",\"dbcode\":\"4DR\",\"description\":\"Digital portal.\",\"url\":\"http://hdl.handle.net/1813.001/5458505\"}"],
                "url_access_display":["http://rmc.library.cornell.edu/ornithology/default.htm|Website.",
                  "http://hdl.handle.net/1813.001/5458505|Digital portal."],
                "sixfivethree":["General Interest and Reference",
                  "Images"]},
              {
                "id":"7130226",
                "title_display":"Berg fashion library",
                "fulltitle_display":"Berg fashion library",
                "summary_display":["Provides integrated text and image content on world dress and fashion throughout history. Offers fully cross-searchable access to an expanding range of Berg content collections, including the Encyclopedia of world dress and fashion, e-books, e-journals, museum directory, reference works, images, and more. Browsable by time (1600 to date) and by place (click on world map)."],
                "url_access_json":["{\"providercode\":\"PRVJLL\",\"dbcode\":\"8YG\",\"description\":\"Connect to full text\",\"url\":\"http://resolver.library.cornell.edu/misc/7130226\"}"],
                "url_access_display":["http://resolver.library.cornell.edu/misc/7130226|Connect to full text"],
                "sixfivethree":["General Interest and Reference",
                  "Science and Technology",
                  "Textiles and Fashion Design (Core)",
                  "Images"]},
              {
                "id":"5745602",
                "fulltitle_display":"Beyond the Taj : architectural traditions and landscape experience in South Asia",
                "title_display":"Beyond the Taj",
                "subtitle_display":"architectural traditions and landscape experience in South Asia",
                "summary_display":["A collection of materials on South Asian architecture assembled over a 22 year period by Professor Robert D. \"Scotty\" MacDougall (1940-1987), an architect and an anthropologist. The core of this collection consists of approximately 6,682 photographs depicting significant works of architecture through time and across regional traditions throughout continental India."],
                "url_access_display":["http://resolver.library.cornell.edu/misc/5745602"],
                "url_access_json":["{\"providercode\":\"PRVAGG\",\"url\":\"http://resolver.library.cornell.edu/misc/5745602\"}"],
                "sixfivethree":["General Interest and Reference",
                  "Images"]},
              {
                "id":"5745591",
                "title_display":"Billie Jean Isbell Andean collection",
                "subtitle_display":"images from the Andes",
                "fulltitle_display":"Billie Jean Isbell Andean collection : images from the Andes",
                "summary_display":["This collection of materials is derived from Professor Billie Jean Isbell's 40 years of research in the Andes, primarily in the southern Andean department of Ayacucho and specifically in the village of Chuschi, Peru, and the surrounding region of the River Pampas Valley. Included in this collection are approximately 1500 photographs, thirteen songs, Professor Isbell's ethnography, To Defend Ourselves: Ecology and Ritual in an Andean Village, as well as selected publications."],
                "url_access_json":["{\"providercode\":\"PRVAGG\",\"description\":\"Digital collection\",\"url\":\"http://resolver.library.cornell.edu/misc/5745591\"}"],
                "url_access_display":["http://resolver.library.cornell.edu/misc/5745591|Digital collection"],
                "sixfivethree":["Anthropology",
                  "General Interest and Reference",
                  "Images",
                  "Social Sciences"]},
              {
                "id":"5861950",
                "title_display":"Catena",
                "subtitle_display":"the digital archive of historic gardens + landscapes",
                "fulltitle_display":"Catena : the digital archive of historic gardens + landscapes",
                "summary_display":["A searchable collection of historic and contemporary images that include plans, engravings, paintings, and photographs. Sponsored by the Bard Graduate Center through a grant from the National Endowment for the Humanities, Catena, the Digital Archive of Historic Gardens and Landscapes and its companion website, is envisioned as part of a larger, typologically organized archive of digital images with accompanying educational materials."],
                "url_access_display":["http://resolver.library.cornell.edu/misc/5861950"],
                "url_access_json":["{\"providercode\":\"PRVAGG\",\"dbcode\":\"4DS\",\"url\":\"http://resolver.library.cornell.edu/misc/5861950\"}"],
                "sixfivethree":["Art and Architecture",
                  "Arts and Humanities",
                  "General Interest and Reference",
                  "Images"]},
              {
                "id":"5597787",
                "title_display":"Claire Holt papers",
                "fulltitle_display":"Claire Holt papers",
                "summary_display":["The Claire Holt papers, #14-27-2648, comprise approximately 1,780 slides of Indonesia which were created for the Cornell Indonesian Arts Project. Subjects include art, architecture, ceremonies, landscapes, painting, people, sculpture, textiles, and theater. The manuscript collection also contains typescript notes about a trip to Indonesia in 1955-1956. This web site includes a complete image database of the slides as well as information about the featured artists and a brief biography of Claire Holt."],
                "url_access_json":["{\"providercode\":\"PRVAGG\",\"description\":\"Digital collection\",\"url\":\"http://resolver.library.cornell.edu/misc/5597787\"}"],
                "url_access_display":["http://resolver.library.cornell.edu/misc/5597787|Digital collection"],
                "sixfivethree":["General Interest and Reference",
                  "Images"]},
              {
                "id":"6280355",
                "title_display":"Cornell Lab of Ornithology gallery of bird and wildlife art",
                "fulltitle_display":"Cornell Lab of Ornithology gallery of bird and wildlife art",
                "summary_display":["View images online from the Cornell Lab or Ornithology's collection of more than 1,000 works of art.  Includes more than two centuries of work by bird artists, including Alexander Wilson, John James Audubon, and Louis Agassiz Fuertes."],
                "url_access_json":["{\"description\":\"Connect to full text.\",\"url\":\"http://resolver.library.cornell.edu/misc/6280355\"}",
                  "{\"description\":\"View image database.\",\"url\":\"http://resolver.library.cornell.edu/collection/1701\"}",
                  "{\"description\":\"Copyright statement.\",\"url\":\"http://resolver.library.cornell.edu/collection/1702\"}"],
                "url_access_display":["http://resolver.library.cornell.edu/misc/6280355|Connect to full text.",
                  "http://resolver.library.cornell.edu/collection/1701|View image database.",
                  "http://resolver.library.cornell.edu/collection/1702|Copyright statement."],
                "sixfivethree":["General Interest and Reference",
                  "Images"]},
              {
                "id":"5458453",
                "title_display":"Cornell University collection of political Americana",
                "fulltitle_display":"Cornell University collection of political Americana",
                "summary_display":["\"The collection consists of published material, ephemera, and artifacts dating to between 1800 and 1976, including ballots and slates of candidates; promotional broadsides, handbills, and posters; political cartoons (primarily from Harper's Weekly, Frank Leslie's Illustrated Newspaper, and Puck); lithographs and prints (primarily by Kellogg, N. Currier, and Currier & Ives); pamphlets, leaflets, and brochures; songbooks and sheet music; badges, pins, ferrotypes and celluloid buttons; campaign ribbons; parade equipment such as lanterns, torches, banners, and walking sticks; bandanas and other textiles; and souvenirs of all kinds including plates, cups, vases, trays, bottles, sewing boxes, and games.\""],
                "url_access_json":["{\"providercode\":\"PRVAGG\",\"description\":\"Digital collection\",\"url\":\"http://resolver.library.cornell.edu/misc/5458453\"}"],
                "url_access_display":["http://resolver.library.cornell.edu/misc/5458453|Digital collection"],
                "sixfivethree":["Arts and Humanities",
                  "General Interest and Reference",
                  "Government, Law and Public Policy",
                  "Images",
                  "Social Sciences"]},
              {
                "id":"5979342",
                "fulltitle_display":"David Rumsey map collection",
                "title_display":"David Rumsey map collection",
                "summary_display":["The David Rumsey Historical Map Collection has over 13,600 maps online. The collection focuses on rare 18th and 19th century North and South America maps and other cartographic materials. Historic maps of the World, Europe, Asia and Africa are also represented. Collection categories include antique atlas, globe, school geography, maritime chart, state, county, city, pocket, wall, childrens and manuscript maps. The collection can be used to study history, genealogy and family history."],
                "url_access_display":["http://resolver.library.cornell.edu/misc/5979342"],
                "url_access_json":["{\"url\":\"http://resolver.library.cornell.edu/misc/5979342\"}"],
                "sixfivethree":["Arts and Humanities",
                  "General Interest and Reference",
                  "Geography, Maps and Spatial Data",
                  "Images",
                  "Social Sciences"]},
              {
                "id":"5861790",
                "title_display":"The Farber gravestone collection",
                "fulltitle_display":"The Farber gravestone collection",
                "summary_display":["Contains photographs and rubbings of over 13,500 images documenting the sculpture on more than 9,000 gravestones, most of which were made prior to 1800, in the Northeastern part of the United States. The late Daniel Farber of Worcester, Massachusetts, and his wife, Jessie Lie Farber, were responsible for the largest portion of the collection.  The collections of Harriette Merrifield Forbes and Ernest Caulfield are integrated into the Farber Collection. These early stones are both a significant form of artistic creation and precious records of biographical information, such as name, death date of the deceased, stone location, and information concerning the stone material, iconography, the inscription, and (when known) the carver."],
                "url_access_display":["http://resolver.library.cornell.edu/misc/5861790"],
                "url_access_json":["{\"providercode\":\"PRVDNL\",\"url\":\"http://resolver.library.cornell.edu/misc/5861790\"}"],
                "sixfivethree":["Arts and Humanities",
                  "General Interest and Reference",
                  "Images",
                  "Social Sciences"]},
              {
                "id":"5618224",
                "title_display":"Fuertes illustrations collection",
                "fulltitle_display":"Fuertes illustrations collection",
                "summary_display":["A database of 2500 illustrations of Louis Agassiz Fuertes, a native of Ithaca, New York and the nation's most notable ornithological painter since Audubon. Database also includes an exhibit based on the journal he kept during the 1899 Harriman Alaska expedition."],
                "url_access_display":["http://resolver.library.cornell.edu/misc/5618224"],
                "url_access_json":["{\"providercode\":\"PRVAGG\",\"url\":\"http://resolver.library.cornell.edu/misc/5618224\"}"],
                "sixfivethree":["General Interest and Reference",
                  "Images",
                  "Science and Technology"]},
              {
                "id":"3866913",
                "title_display":"Herbert F. Johnson Museum of Art",
                "fulltitle_display":"Herbert F. Johnson Museum of Art",
                "summary_display":["The online file contains digital images of paintings, drawings, architectural drawings, decorative art, photography, and prints held at the Herbert F. Johnson Museum of Art and collected for this site by the Cornell University Digital Image Collections. Offers access to individual images as well as information about artists and their works. The project will continue to collect images of the over 27,000 works housed in the museum, eventually adding representations of sculpture and other holdings."],
                "url_access_display":["http://resolver.library.cornell.edu/misc/3866913"],
                "url_access_json":["{\"providercode\":\"PRVAGG\",\"url\":\"http://resolver.library.cornell.edu/misc/3866913\"}"],
                "sixfivethree":["Art and Architecture",
                  "Arts and Humanities",
                  "General Interest and Reference",
                  "Images"]},
              {
                "id":"4726567",
                "title_display":"Human ecology historical photographs",
                "fulltitle_display":"Human ecology historical photographs",
                "summary_display":["This Web site provides a database of selected images and information from the records of the College of Home Economics. The photographs are organized by general subjects: Resident Teaching; International, National, State, and Local Public Relations; All-College Activities; Administration and Personnel; Departments and Divisions; Buildings and Equipment; History of the College; and Miscellaneous. Within any particular general subject category, there are more specific topics, e.g. \"Resident Teaching\" includes \"Students and Student Life\", \"Homemaking Apartments\", and \"Apartment Babies\". Descriptive information is provided for each image. Additional photographs may be found in this collection and in other holdings of the Division of Rare and Manuscript Collections."],
                "url_access_display":["http://resolver.library.cornell.edu/misc/4726567"],
                "url_access_json":["{\"providercode\":\"PRVAGG\",\"dbcode\":\"4DM\",\"url\":\"http://resolver.library.cornell.edu/misc/4726567\"}"],
                "sixfivethree":["General Interest and Reference",
                  "Images",
                  "Social Sciences"]},
              {
                "id":"5618018",
                "title_display":"Icelandic and Faroese photographs of Frederick W.W. Howell",
                "subtitle_display":"with additional photographs of Iceland by Henry A. Perkins and Magnús Olafsson",
                "fulltitle_display":"Icelandic and Faroese photographs of Frederick W.W. Howell : with additional photographs of Iceland by Henry A. Perkins and Magnús Olafsson",
                "summary_display":["Photographs of Icelandic and Faroese landscapes, farmsteads, towns and people, held in the Fiske Icelandic Collection of Cornell University Library."],
                "url_access_json":["{\"providercode\":\"PRVAGG\",\"description\":\"Digital collection\",\"url\":\"http://resolver.library.cornell.edu/misc/5618018\"}"],
                "url_access_display":["http://resolver.library.cornell.edu/misc/5618018|Digital collection"],
                "sixfivethree":["Arts and Humanities",
                  "General Interest and Reference",
                  "Images",
                  "Social Sciences"]},
              {
                "id":"5862713",
                "title_display":"Images from Cornell's Rare Book and Manuscript Collections",
                "fulltitle_display":"Images from Cornell's Rare Book and Manuscript Collections",
                "summary_display":["This is a growing collection of images from the Division of Rare and Manuscript Collections, Cornell University Library. Images are drawn from a variety of rare book collections, as well as the University Archives and other manuscript collections."],
                "url_access_json":["{\"providercode\":\"PRVAGG\",\"description\":\"Digital collection\",\"url\":\"http://resolver.library.cornell.edu/misc/5862713\"}"],
                "url_access_display":["http://resolver.library.cornell.edu/misc/5862713|Digital collection"],
                "sixfivethree":["Arts and Humanities",
                  "General Interest and Reference",
                  "Images",
                  "Social Sciences"]},
              {
                "id":"9754438",
                "title_display":"Images of the American Civil War",
                "subtitle_display":"photographs, posters, and ephemera",
                "fulltitle_display":"Images of the American Civil War : photographs, posters, and ephemera",
                "summary_display":["\"Images of the American Civil War: Photographs, Posters, and Ephemera presents the dramatic imagery of nineteenth-century Americana as experienced from the social, military, and political perspectives. At completion, the collection will present 75,000 images drawn from archives around the country, documenting the camp and battle experiences of Union and Confederate soldiers of all ranks, time spent in hospitals and in prisons, civilian life in cities and towns close to and far from the front lines of war, and the demeanor of the politicians whose decisions could bring the nation together or tear it apart. Many of the images in the collection were captured by famous and lesser-known innovators working with the burgeoning medium of nineteenth-century photography. Additionally, graphical content such as envelopes, song sheets, recruiting posters, imprints, and cartoons give users the ability to research how wartime America illustrated their times visually.\"--About the database."],
                "url_access_json":["{\"providercode\":\"PRVAAS\",\"dbcode\":\"NKO\",\"description\":\"Connect to full text.\",\"url\":\"http://resolver.library.cornell.edu/misc/9754438\"}"],
                "url_access_display":["http://resolver.library.cornell.edu/misc/9754438|Connect to full text."],
                "providercode":["PRVAAS"],
                "dbcode":["NKO"],
                "sixfivethree":["General Interest and Reference",
                  "Images",
                  "Arts and Humanities",
                  "History: Primary sources"]},
              {
                "id":"5861281",
                "fulltitle_display":"Japanese historical maps",
                "title_display":"Japanese historical maps",
                "summary_display":["The Japanese Historical Map Collection contains about 2,300 early maps of Japan and the World. The collection was acquired by the University of California from the Mitsui family in 1949, and is housed on the Berkeley campus in the East Asian Library. Represented in this online collection are about 1100 maps and books from this Collection. The maps were selected by Yuki Ishimatsu, Head of Japanese Collections at the East Asian Library, and scanned and put online by David Rumsey and Cartography Associates. The project was initiated by Peter Zhou, Director of the East Asian Library. Funding and project management is provided by Cartography Associates and the East Asian Library."],
                "url_access_display":["http://resolver.library.cornell.edu/misc/5861281"],
                "url_access_json":["{\"providercode\":\"PRVDNL\",\"url\":\"http://resolver.library.cornell.edu/misc/5861281\"}"],
                "sixfivethree":["Arts and Humanities",
                  "General Interest and Reference",
                  "Images",
                  "Social Sciences"]},
              {
                "id":"5861118",
                "title_display":"Kheel Center labor photos",
                "fulltitle_display":"Kheel Center labor photos",
                "summary_display":["Photograph collections in the Kheel Center for Labor-Management Documentation and Archives include approximately 350,000 images on film, paper, glass, and other media. The collected materials, which are largely from the 20th century, were gathered by labor unions, management organizations, arbitrators, and theorists, and provide evidence of labor relations which may be difficult to glean from other sources."],
                "url_access_display":["http://resolver.library.cornell.edu/misc/5861118"],
                "url_access_json":["{\"providercode\":\"PRVAGG\",\"dbcode\":\"4DP\",\"url\":\"http://resolver.library.cornell.edu/misc/5861118\"}"],
                "sixfivethree":["Arts and Humanities",
                  "General Interest and Reference",
                  "Images",
                  "Social Sciences"]},
              {
                "id":"5146902",
                "title_display":"Kinematic models for design digital library",
                "subtitle_display":"an open access, multimedia resource for learning & teaching about kinematics and the history & theory of machines : geometry of pure motion",
                "fulltitle_display":"Kinematic models for design digital library : an open access, multimedia resource for learning & teaching about kinematics and the history & theory of machines : geometry of pure motion",
                "summary_display":["The Kinematic Models for Design Digital Library (KMODDL) is an open access, multimedia resource for learning and teaching about kinematics ¡ the geometry of pure motion ¡ and the history and theory of machines. KMODDL is a pedagogical space designed for use by teachers and researchers, as well as students at a range of educational levels, and other learners, young and adult. The core of KMODDL is the Reuleaux Collection of Kinematic Mechanisms at Cornell University, which comprises more than 200 models developed by Franz Reuleaux (1829-1905), the founder of kinematics, for teaching and researching the principles of mechanical motion. KMODDL provides online access to the Reuleaux Collection via still and interactive moving images and descriptions of the models, as well as computer simulations, tutorials, and related full-text documents."],
                "url_access_json":["{\"providercode\":\"PRVAGG\",\"dbcode\":\"4DQ\",\"description\":\"Connect to Kinematic models for design digital library.\",\"url\":\"http://resolver.library.cornell.edu/misc/5146902\"}",
                  "{\"description\":\"Images available via SharedShelf.\",\"url\":\"http://resolver.library.cornell.edu/collection/KMODDL\"}"],
                "url_access_display":["http://resolver.library.cornell.edu/misc/5146902|Connect to Kinematic models for design digital library.",
                  "http://resolver.library.cornell.edu/collection/KMODDL|Images available via SharedShelf."],
                "sixfivethree":["General Interest and Reference",
                  "Images",
                  "Physics and Astronomy",
                  "Science and Technology"]},
              {
                "id":"6093806",
                "title_display":"Knight visual resources collection",
                "fulltitle_display":"Knight visual resources collection",
                "summary_display":["The Knight Visual Resources Collection contains digital images that support instruction at Cornell University. It includes a broad range of images of art including art history, architecture, landscape architecture, planning, material culture, maps, and other documentary material."],
                "url_access_json":["{\"providercode\":\"PRVAGG\",\"description\":\"View image database.\",\"url\":\"http://resolver.library.cornell.edu/collection/1901\"}"],
                "url_access_display":["http://resolver.library.cornell.edu/collection/1901|View image database."],
                "sixfivethree":["Art and Architecture",
                  "Arts and Humanities",
                  "General Interest and Reference",
                  "Images"]},
              {
                "id":"3948574",
                "title_display":"Library and archival exhibitions on the Web",
                "fulltitle_display":"Library and archival exhibitions on the Web",
                "summary_display":["Site featuring links to online exhibitions created by libraries, archives, and historical societies, as well as to museum online exhibitions with a significant focus on library and archival materials (such as printed books, book illustrations, manuscripts, photographs, printed ephemera, posters, archival audio and video recordings, artists' books, and the book arts). Includes a separate introduction. The list of exhibitions is arranged alphabetically by title and shows the names of the sponsoring institutions."],
                "url_access_display":["http://resolver.library.cornell.edu/misc/3948574"],
                "url_access_json":["{\"providercode\":\"PRVBDO\",\"dbcode\":\"BUP\",\"url\":\"http://resolver.library.cornell.edu/misc/3948574\"}"],
                "sixfivethree":["Images",
                  "Library and Information Science",
                  "Science and Technology",
                  "Social Sciences"]},
              {
                "id":"6280378",
                "title_display":"Macaulay Library sound & video catalog",
                "fulltitle_display":"Macaulay Library sound & video catalog",
                "summary_display":["Sound and video catalog of the world's largest archive of animal sounds and associated video."],
                "url_access_json":["{\"providercode\":\"PRVCLO\",\"description\":\"Connect to full text\",\"url\":\"http://resolver.library.cornell.edu/misc/6280378\"}"],
                "url_access_display":["http://resolver.library.cornell.edu/misc/6280378|Connect to full text"],
                "sixfivethree":["Biology",
                  "General Interest and Reference",
                  "Images",
                  "Science and Technology"]},
              {
                "id":"5696261",
                "title_display":"Mysteries at Eleusis",
                "subtitle_display":"images of inscriptions",
                "fulltitle_display":"Mysteries at Eleusis : images of inscriptions",
                "summary_display":["\"Mysteries at Eleusis: Images of Inscriptions\", a digital collection of approximately 800 images from the sanctuary of the Eleusinian Mysteries, at Eleusis, a town belonging to Athens. \"The Mysteries\", as they were officially called, are usually recognized today, as they were in ancient times, as one of the most important religious cults in ancient Greece. The images currently available are derived from photographs by Professor Kevin Clinton (Department of Classics). The digital collection is one of the largest contributions to a worldwide effort to make available on the Internet both texts and images of all ancient Greek and Latin documents on stone."],
                "url_access_display":["http://resolver.library.cornell.edu/misc/5696261"],
                "url_access_json":["{\"providercode\":\"PRVAGG\",\"url\":\"http://resolver.library.cornell.edu/misc/5696261\"}"],
                "sixfivethree":["General Interest and Reference",
                  "Images"]},
              {
                "id":"5930340",
                "title_display":"NYPL digital",
                "fulltitle_display":"NYPL digital",
                "summary_display":["NYPL Digital is your gateway to The New York Public Library's rare and unique international holdings in digitized form, including: Historic maps, rare prints and photographs, iIlluminated manuscripts, unusual printed ephemera, sound files and moving images, original art and more."],
                "url_access_display":["http://resolver.library.cornell.edu/misc/5930340"],
                "url_access_json":["{\"providercode\":\"PRVARB\",\"dbcode\":\"DAL\",\"url\":\"http://resolver.library.cornell.edu/misc/5930340\"}"],
                "sixfivethree":["Arts and Humanities",
                  "General Interest and Reference",
                  "Images",
                  "Social Sciences"]},
              {
                "id":"6371992",
                "title_display":"Oxford art online",
                "fulltitle_display":"Oxford art online",
                "summary_display":["Oxford Art Online enables access and cross-search functionality to Grove and Oxford reference content in one location. Provides access to Grove Art Online, Benezit Dictionary of Artists, The Encyclopedia of Aesthetics, The Oxford Companion to Western Art, and The Concise Oxford Dictionary of Art Terms. Includes image partnerships with ARTstor, the British Museum, the Museum of Modern Art, the Metropolitan Museum of Art, Art Images for College Teaching, Art Resource, Artists Rights Society and numerous international art galleries and artists."],
                "url_access_json":["{\"providercode\":\"PRVASL\",\"dbcode\":\"BWG\",\"description\":\"Connect to full text.\",\"url\":\"http://resolver.library.cornell.edu/misc/3835895\"}"],
                "url_access_display":["http://resolver.library.cornell.edu/misc/3835895|Connect to full text."],
                "sixfivethree":["Art and Architecture (Core)",
                  "Arts and Humanities",
                  "Dictionaries and Encyclopedias",
                  "General Interest and Reference",
                  "Images"]},
              {
                "id":"7761936",
                "title_display":"Rose Goldsen archive of new media art",
                "fulltitle_display":"Rose Goldsen archive of new media art",
                "summary_display":["Under the sponsorship of The Division of Rare and Manuscript Collections, the Rose Goldsen Archive of New Media Art serves as a research repository of new media art and resources. The curatorial vision emphasizes digital interfaces and artistic experimentation by international, independent artists. Designed as an experimental center of research and creativity, the Goldsen Archive includes materials by individual artists and collaborates on conceptual experimentation and archival strategies with international curatorial and fellowship projects. Named after the pioneering critic of the commercialization of mass media, the late Professor Rose Goldsen of Cornell University, the Archive was founded in 2002 by Timothy Murray to house international art work produced on CD-Rom, DVD-Rom, video, digital interfaces, and the internet. Its collection of supporting materials includes unpublished manuscripts and designs, catalogues, monographs, and resource guides to new media art."],
                "url_access_json":["{\"description\":\"Rose Goldsen Archive of New Media Art\",\"url\":\"http://goldsen.library.cornell.edu/index.php\"}"],
                "url_access_display":["http://goldsen.library.cornell.edu/index.php|Rose Goldsen Archive of New Media Art"],
                "sixfivethree":["General Interest and Reference",
                  "Images"]},
              {
                "id":"5858171",
                "title_display":"Scholars resource",
                "fulltitle_display":"Scholars resource",
                "summary_display":["Scholars Resource is an extensive resource of high quality images that provides comprehensive coverage of works of art essential for teaching. Offers complementary image collections from Saskia Ltd., Davis Art Images, Hartill Art Associates, Archivision and The Bridgeman Art Library with additional collections continually being added. Scholars Resource uniquely provides the convenience of licensing high quality images and metadata in consistent formats from multiple vendors at one online source."],
                "url_access_json":["{\"providercode\":\"PRVAGG\",\"description\":\"Connect to image database.\",\"url\":\"http://resolver.library.cornell.edu/misc/5858171\"}"],
                "url_access_display":["http://resolver.library.cornell.edu/misc/5858171|Connect to image database."],
                "sixfivethree":["Art and Architecture",
                  "Arts and Humanities",
                  "General Interest and Reference",
                  "Images",
                  "Social Sciences"]},
              {
                "id":"3348549",
                "title_display":"The Triangle factory fire",
                "fulltitle_display":"The Triangle factory fire",
                "summary_display":["Online exhibit commemorating the devastating fire at the Triangle Shirtwaist Company's Greenwich Village factory in 1911.  Includes documents, photographs, audio clips, and other selections of primary resources on the Triangle Fire held by the Kheel Center for Labor-Management Documentation, Cornell University. Also includes selected information on sweatshop conditions and investigations and reforms following the fire."],
                "url_access_display":["http://www.ilr.cornell.edu/trianglefire"],
                "url_access_json":["{\"providercode\":\"PRVAGG\",\"dbcode\":\"4EA\",\"url\":\"http://www.ilr.cornell.edu/trianglefire\"}"],
                "sixfivethree":["Arts and Humanities",
                  "History: Primary Sources",
                  "Human Resources, Labor & Employment",
                  "Images",
                  "Social Sciences"]},
              {
                "id":"7633369",
                "title_display":"The Vogue archive",
                "fulltitle_display":"The Vogue archive",
                "summary_display":["\"A complete searchable archive of American Vogue, from the first issue in 1892 to the current month. Every article, cover, photo shoot, illustration and advertisement has been digitized to the highest standard, with rich indexing enabling you to find images by designer and brand names\"--Web site."],
                "url_access_json":["{\"providercode\":\"PRVPQU\",\"dbcode\":\"LK7\",\"description\":\"Full text available from Vogue Archive: 1892 to present Connect to full text.\",\"url\":\"http://resolver.library.cornell.edu/misc/7633369\"}"],
                "url_access_display":["http://resolver.library.cornell.edu/misc/7633369|Full text available from Vogue Archive: 1892 to present Connect to full text."],
                "sixfivethree":["General Interest and Reference",
                  "Images",
                  "Science and Technology",
                  "Textiles and Fashion Design"]},
              {
                "id":"5861081",
                "title_display":"Willard Dickerman Straight and early U.S.-Korea diplomatic relations",
                "fulltitle_display":"Willard Dickerman Straight and early U.S.-Korea diplomatic relations",
                "summary_display":["Willard Straight worked in Korea as a Reuters correspondent during the Russo-Japanese War and as a U.S. diplomat. He sketched Japanese and Russian soldiers and Korean people, and took numerous photographs of landscapes, urban scenes, cultural phenomena, historic events and people (both common and noble). Approximately 177 of his drawings, photographs and postcards comprise a remarkable collection that offers a rare example of western perspectives on Korea during the early 20th century."],
                "url_access_json":["{\"providercode\":\"PRVAGG\",\"description\":\"Digital collection\",\"url\":\"http://resolver.library.cornell.edu/misc/5861081\"}"],
                "url_access_display":["http://resolver.library.cornell.edu/misc/5861081|Digital collection"],
                "sixfivethree":["Arts and Humanities",
                  "General Interest and Reference",
                  "Images",
                  "Social Sciences"]}]
          }}
    http_version: 
  recorded_at: Fri, 22 Jun 2018 06:23:36 GMT
- request:
    method: get
    uri: http://da-prod-solr7.library.cornell.edu/solr/b9/databasesBySubject?indent=true&q=%22Images%20(Core)%22&wt=json
    body:
      encoding: UTF-8
      string: ''
    headers:
      User-Agent:
      - HTTPClient/1.0 (2.8.3, ruby 2.3.1 (2016-04-26))
      Accept:
      - "*/*"
      Date:
      - Fri, 22 Jun 2018 06:23:36 GMT
  response:
    status:
      code: 200
      message: OK
    headers:
      Date:
      - Fri, 22 Jun 2018 06:23:36 GMT
      Last-Modified:
      - Fri, 22 Jun 2018 03:00:34 GMT
      Etag:
      - '"N2U1NmIwMDAwMDAwMDAwMFNvbHI="'
      Content-Type:
      - application/json; charset=UTF-8
      Content-Length:
      - '2676'
      Via:
      - 1.1 da-prod-solr7.library.cornell.edu
      Vary:
      - Accept-Encoding
      Connection:
      - close
    body:
      encoding: UTF-8
      string: |
        {
          "responseHeader":{
            "zkConnected":true,
            "status":0,
            "QTime":56,
            "params":{
              "q":"\"Images (Core)\"",
              "indent":"true",
              "wt":"json"}},
          "response":{"numFound":3,"start":0,"docs":[
              {
                "id":"5346517",
                "title_display":"ARTstor",
                "fulltitle_display":"ARTstor",
                "summary_display":["Searchable database of digital images and associated catalog data. Covers the fields of architecture, painting, sculpture, photography, decorative arts, and design, as well as many other forms of visual culture."],
                "url_access_display":["http://resolver.library.cornell.edu/misc/5346517"],
                "url_access_json":["{\"providercode\":\"PRVACT\",\"dbcode\":\"AKX\",\"url\":\"http://resolver.library.cornell.edu/misc/5346517\"}"],
                "sixfivethree":["Art and Architecture (Core)",
                  "Arts and Humanities",
                  "General Interest and Reference",
                  "Images (Core)"]},
              {
                "id":"3823610",
                "title_display":"Associated Press images collection",
                "fulltitle_display":"Associated Press images collection",
                "summary_display":["An electronic library containing the AP's current photos from their 50 million image print and negative library, as well as charts, graphs, tables, and maps from the AP's graphics portfolio."],
                "url_access_display":["http://resolver.library.cornell.edu/misc/3823610"],
                "url_access_json":["{\"providercode\":\"PRVEBS\",\"dbcode\":\"1-I\",\"url\":\"http://resolver.library.cornell.edu/misc/3823610\"}"],
                "sixfivethree":["Arts and Humanities",
                  "General Interest and Reference",
                  "Images (Core)",
                  "Newspapers, Magazines and Current Events",
                  "Social Sciences"]},
              {
                "id":"8018864",
                "title_display":"Bridgeman education",
                "fulltitle_display":"Bridgeman education",
                "summary_display":["\"With over 380,000 images from museums, galleries, private collections and contemporary artists all copyright cleared for educational use. Bridgeman Education gives you access to the visual culture of every civilization and every period from Prehistory to the present day across continents and civilisations.\""],
                "url_access_json":["{\"providercode\":\"PRVGBR\",\"dbcode\":\"O4U\",\"description\":\"Connect to full text\",\"url\":\"http://resolver.library.cornell.edu/misc/8018864\"}"],
                "url_access_display":["http://resolver.library.cornell.edu/misc/8018864|Connect to full text"],
                "sixfivethree":["General Interest and Reference",
                  "Arts and Humanities",
                  "Images (Core)",
                  "Art and Architecture"]}]
          }}
    http_version: 
  recorded_at: Fri, 22 Jun 2018 06:23:36 GMT
recorded_with: VCR 4.0.0
